[INFO] Error stacktraces are turned on.
[INFO] Scanning for projects...
[INFO] 
[INFO] ----------------------< com.example:telegrambot >-----------------------
[INFO] Building  0.0.1-SNAPSHOT
[INFO]   from pom.xml
[INFO] --------------------------------[ jar ]---------------------------------
[INFO] 
[INFO] >>> spring-boot:3.4.0:run (default-cli) > test-compile @ telegrambot >>>
[INFO] 
[INFO] --- resources:3.3.1:resources (default-resources) @ telegrambot ---
[INFO] Copying 1 resource from src/main/resources to target/classes
[INFO] Copying 0 resource from src/main/resources to target/classes
[INFO] 
[INFO] --- compiler:3.13.0:compile (default-compile) @ telegrambot ---
[INFO] Nothing to compile - all classes are up to date.
[INFO] 
[INFO] --- resources:3.3.1:testResources (default-testResources) @ telegrambot ---
[INFO] skip non existing resourceDirectory /home/nuke/Dokumente/codin/tausendfüßler/telegrambot/src/test/resources
[INFO] 
[INFO] --- compiler:3.13.0:testCompile (default-testCompile) @ telegrambot ---
[INFO] Nothing to compile - all classes are up to date.
[INFO] 
[INFO] <<< spring-boot:3.4.0:run (default-cli) < test-compile @ telegrambot <<<
[INFO] 
[INFO] 
[INFO] --- spring-boot:3.4.0:run (default-cli) @ telegrambot ---
[INFO] Attaching agents: []

  .   ____          _            __ _ _
 /\\ / ___'_ __ _ _(_)_ __  __ _ \ \ \ \
( ( )\___ | '_ | '_| | '_ \/ _` | \ \ \ \
 \\/  ___)| |_)| | | | | || (_| |  ) ) ) )
  '  |____| .__|_| |_|_| |_\__, | / / / /
 =========|_|==============|___/=/_/_/_/

 :: Spring Boot ::                (v3.4.0)

2026-08-07T20:38:58.707+02:00  INFO 10847 --- [telegrambot] [           main] c.e.telegrambot.TelegrambotApplication   : Starting TelegrambotApplication using Java 17.0.19 with PID 10847 (/home/nuke/Dokumente/codin/tausendfüßler/telegrambot/target/classes started by nuke in /home/nuke/Dokumente/codin/tausendfüßler/telegrambot)
2026-08-07T20:38:58.710+02:00  INFO 10847 --- [telegrambot] [           main] c.e.telegrambot.TelegrambotApplication   : No active profile set, falling back to 1 default profile: "default"
2026-08-07T20:38:59.443+02:00  INFO 10847 --- [telegrambot] [           main] c.e.telegrambot.TelegrambotApplication   : Started TelegrambotApplication in 1.06 seconds (process running for 1.278)
[INFO] ------------------------------------------------------------------------
[INFO] BUILD SUCCESS
[INFO] ------------------------------------------------------------------------
[INFO] Total time:  2.747 s
[INFO] Finished at: 2026-08-07T20:38:59+02:00
[INFO] ------------------------------------------------------------------------
