
  .   ____          _            __ _ _
 /\\ / ___'_ __ _ _(_)_ __  __ _ \ \ \ \
( ( )\___ | '_ | '_| | '_ \/ _` | \ \ \ \
 \\/  ___)| |_)| | | | | || (_| |  ) ) ) )
  '  |____| .__|_| |_|_| |_\__, | / / / /
 =========|_|==============|___/=/_/_/_/

 :: Spring Boot ::                (v3.4.0)

2026-08-29T20:31:22.010+02:00  INFO 53781 --- [tausendfuessler-bot] [           main] d.u.e.t.bot.TelegrambotApplication       : Starting TelegrambotApplication using Java 21.0.11 with PID 53781 (/Users/lunowe/Coding/Tausendf-ler/bot/target/bot.jar started by lunowe in /Users/lunowe/Coding/Tausendf-ler)
2026-08-29T20:31:22.012+02:00  INFO 53781 --- [tausendfuessler-bot] [           main] d.u.e.t.bot.TelegrambotApplication       : No active profile set, falling back to 1 default profile: "default"
2026-08-29T20:31:22.526+02:00  WARN 53781 --- [tausendfuessler-bot] [           main] o.s.aop.framework.CglibAopProxy          : Unable to proxy interface-implementing method [public final org.telegram.telegrambots.bots.DefaultBotOptions org.telegram.telegrambots.bots.DefaultAbsSender.getOptions()] because it is marked as final, consider using interface-based JDK proxies instead.
>>>>> Registrierte Befehle: [/status, /crawl, /list, /help, /search, /abort, /pause, /resume, /stats] <<<<<
2026-08-29T20:31:22.670+02:00  INFO 53781 --- [tausendfuessler-bot] [           main] d.u.e.t.bot.TelegrambotApplication       : Started TelegrambotApplication in 0.938 seconds (process running for 1.281)
2026-08-29T20:31:22.925+02:00  INFO 53781 --- [tausendfuessler-bot] [           main] d.u.e.t.bot.TelegrambotApplication       : Telegram bot @taussenfuesslerbot registered, long polling started
2026-08-29T20:31:58.656+02:00  INFO 53781 --- [tausendfuessler-bot] [legram Executor] d.u.e.t.bot.service.ResultPoller         : chat 1128162840 subscribed to job 5e945a20-f79b-48a2-b281-006dbc6b45a3
2026-08-29T20:31:59.890+02:00  INFO 53781 --- [tausendfuessler-bot] [   scheduling-1] d.u.e.t.bot.service.ResultPoller         : job 5e945a20-f79b-48a2-b281-006dbc6b45a3 seq 1..1 delivered, last crawled 285 ms ago
2026-08-29T20:32:00.992+02:00  INFO 53781 --- [tausendfuessler-bot] [   scheduling-1] d.u.e.t.bot.service.ResultPoller         : job 5e945a20-f79b-48a2-b281-006dbc6b45a3 seq 2..2 delivered, last crawled 358 ms ago
2026-08-29T20:32:01.116+02:00  INFO 53781 --- [tausendfuessler-bot] [   scheduling-1] d.u.e.t.bot.service.ResultPoller         : job 5e945a20-f79b-48a2-b281-006dbc6b45a3 unsubscribed
2026-08-29T20:33:13.527+02:00  INFO 53781 --- [tausendfuessler-bot] [gram Connection] o.t.t.u.DefaultBotSession                : Read timed out

java.net.SocketTimeoutException: Read timed out
	at java.base/sun.nio.ch.NioSocketImpl.timedRead(NioSocketImpl.java:278) ~[na:na]
	at java.base/sun.nio.ch.NioSocketImpl.implRead(NioSocketImpl.java:304) ~[na:na]
	at java.base/sun.nio.ch.NioSocketImpl.read(NioSocketImpl.java:346) ~[na:na]
	at java.base/sun.nio.ch.NioSocketImpl$1.read(NioSocketImpl.java:796) ~[na:na]
	at java.base/java.net.Socket$SocketInputStream.read(Socket.java:1099) ~[na:na]
	at java.base/sun.security.ssl.SSLSocketInputRecord.read(SSLSocketInputRecord.java:489) ~[na:na]
	at java.base/sun.security.ssl.SSLSocketInputRecord.readHeader(SSLSocketInputRecord.java:483) ~[na:na]
	at java.base/sun.security.ssl.SSLSocketInputRecord.bytesInCompletePacket(SSLSocketInputRecord.java:70) ~[na:na]
	at java.base/sun.security.ssl.SSLSocketImpl.readApplicationRecord(SSLSocketImpl.java:1460) ~[na:na]
	at java.base/sun.security.ssl.SSLSocketImpl$AppInputStream.read(SSLSocketImpl.java:1066) ~[na:na]
	at org.apache.http.impl.io.SessionInputBufferImpl.streamRead(SessionInputBufferImpl.java:137) ~[httpcore-4.4.16.jar!/:4.4.16]
	at org.apache.http.impl.io.SessionInputBufferImpl.fillBuffer(SessionInputBufferImpl.java:153) ~[httpcore-4.4.16.jar!/:4.4.16]
	at org.apache.http.impl.io.SessionInputBufferImpl.readLine(SessionInputBufferImpl.java:280) ~[httpcore-4.4.16.jar!/:4.4.16]
	at org.apache.http.impl.conn.DefaultHttpResponseParser.parseHead(DefaultHttpResponseParser.java:138) ~[httpclient-4.5.13.jar!/:4.5.13]
	at org.apache.http.impl.conn.DefaultHttpResponseParser.parseHead(DefaultHttpResponseParser.java:56) ~[httpclient-4.5.13.jar!/:4.5.13]
	at org.apache.http.impl.io.AbstractMessageParser.parse(AbstractMessageParser.java:259) ~[httpcore-4.4.16.jar!/:4.4.16]
	at org.apache.http.impl.DefaultBHttpClientConnection.receiveResponseHeader(DefaultBHttpClientConnection.java:163) ~[httpcore-4.4.16.jar!/:4.4.16]
	at org.apache.http.impl.conn.CPoolProxy.receiveResponseHeader(CPoolProxy.java:157) ~[httpclient-4.5.13.jar!/:4.5.13]
	at org.apache.http.protocol.HttpRequestExecutor.doReceiveResponse(HttpRequestExecutor.java:273) ~[httpcore-4.4.16.jar!/:4.4.16]
	at org.apache.http.protocol.HttpRequestExecutor.execute(HttpRequestExecutor.java:125) ~[httpcore-4.4.16.jar!/:4.4.16]
	at org.apache.http.impl.execchain.MainClientExec.execute(MainClientExec.java:272) ~[httpclient-4.5.13.jar!/:4.5.13]
	at org.apache.http.impl.execchain.ProtocolExec.execute(ProtocolExec.java:186) ~[httpclient-4.5.13.jar!/:4.5.13]
	at org.apache.http.impl.execchain.RetryExec.execute(RetryExec.java:89) ~[httpclient-4.5.13.jar!/:4.5.13]
	at org.apache.http.impl.execchain.RedirectExec.execute(RedirectExec.java:110) ~[httpclient-4.5.13.jar!/:4.5.13]
	at org.apache.http.impl.client.InternalHttpClient.doExecute(InternalHttpClient.java:185) ~[httpclient-4.5.13.jar!/:4.5.13]
	at org.apache.http.impl.client.CloseableHttpClient.execute(CloseableHttpClient.java:83) ~[httpclient-4.5.13.jar!/:4.5.13]
	at org.telegram.telegrambots.updatesreceivers.DefaultBotSession$ReaderThread.getUpdatesFromServer(DefaultBotSession.java:249) ~[telegrambots-6.8.0.jar!/:na]
	at org.telegram.telegrambots.updatesreceivers.DefaultBotSession$ReaderThread.run(DefaultBotSession.java:188) ~[telegrambots-6.8.0.jar!/:na]

2026-08-29T20:35:34.480+02:00  INFO 53781 --- [tausendfuessler-bot] [legram Executor] d.u.e.t.bot.service.ResultPoller         : chat 1128162840 subscribed to job d03e14df-8c1d-4954-a22e-fd1e684d1c69
2026-08-29T20:35:36.065+02:00  INFO 53781 --- [tausendfuessler-bot] [   scheduling-1] d.u.e.t.bot.service.ResultPoller         : job d03e14df-8c1d-4954-a22e-fd1e684d1c69 seq 1..1 delivered, last crawled 836 ms ago
2026-08-29T20:35:36.191+02:00  INFO 53781 --- [tausendfuessler-bot] [   scheduling-1] d.u.e.t.bot.service.ResultPoller         : job d03e14df-8c1d-4954-a22e-fd1e684d1c69 unsubscribed
2026-08-29T20:37:13.122+02:00  INFO 53781 --- [tausendfuessler-bot] [legram Executor] d.u.e.t.bot.service.ResultPoller         : chat 1128162840 subscribed to job 1037b0a7-8103-4e79-8bbc-264f031da91a
2026-08-29T20:37:14.603+02:00  INFO 53781 --- [tausendfuessler-bot] [   scheduling-1] d.u.e.t.bot.service.ResultPoller         : job 1037b0a7-8103-4e79-8bbc-264f031da91a seq 1..2 delivered, last crawled 277 ms ago
2026-08-29T20:37:15.686+02:00  INFO 53781 --- [tausendfuessler-bot] [   scheduling-1] d.u.e.t.bot.service.ResultPoller         : job 1037b0a7-8103-4e79-8bbc-264f031da91a seq 3..6 delivered, last crawled 39 ms ago
2026-08-29T20:37:16.770+02:00  INFO 53781 --- [tausendfuessler-bot] [   scheduling-1] d.u.e.t.bot.service.ResultPoller         : job 1037b0a7-8103-4e79-8bbc-264f031da91a seq 7..11 delivered, last crawled 96 ms ago
2026-08-29T20:37:17.890+02:00  INFO 53781 --- [tausendfuessler-bot] [   scheduling-1] d.u.e.t.bot.service.ResultPoller         : job 1037b0a7-8103-4e79-8bbc-264f031da91a seq 12..19 delivered, last crawled 40 ms ago
2026-08-29T20:37:19.084+02:00  INFO 53781 --- [tausendfuessler-bot] [   scheduling-1] d.u.e.t.bot.service.ResultPoller         : job 1037b0a7-8103-4e79-8bbc-264f031da91a seq 20..27 delivered, last crawled 176 ms ago
2026-08-29T20:37:20.297+02:00  INFO 53781 --- [tausendfuessler-bot] [   scheduling-1] d.u.e.t.bot.service.ResultPoller         : job 1037b0a7-8103-4e79-8bbc-264f031da91a seq 28..32 delivered, last crawled 180 ms ago
2026-08-29T20:37:21.410+02:00  INFO 53781 --- [tausendfuessler-bot] [   scheduling-1] d.u.e.t.bot.service.ResultPoller         : job 1037b0a7-8103-4e79-8bbc-264f031da91a seq 33..39 delivered, last crawled 245 ms ago
2026-08-29T20:37:22.555+02:00  INFO 53781 --- [tausendfuessler-bot] [   scheduling-1] d.u.e.t.bot.service.ResultPoller         : job 1037b0a7-8103-4e79-8bbc-264f031da91a seq 40..45 delivered, last crawled 174 ms ago
2026-08-29T20:37:23.650+02:00  INFO 53781 --- [tausendfuessler-bot] [   scheduling-1] d.u.e.t.bot.service.ResultPoller         : job 1037b0a7-8103-4e79-8bbc-264f031da91a seq 46..51 delivered, last crawled 605 ms ago
2026-08-29T20:37:24.751+02:00  INFO 53781 --- [tausendfuessler-bot] [   scheduling-1] d.u.e.t.bot.service.ResultPoller         : job 1037b0a7-8103-4e79-8bbc-264f031da91a seq 52..59 delivered, last crawled 297 ms ago
2026-08-29T20:37:25.888+02:00  INFO 53781 --- [tausendfuessler-bot] [   scheduling-1] d.u.e.t.bot.service.ResultPoller         : job 1037b0a7-8103-4e79-8bbc-264f031da91a seq 60..66 delivered, last crawled 30 ms ago
2026-08-29T20:37:27.084+02:00  INFO 53781 --- [tausendfuessler-bot] [   scheduling-1] d.u.e.t.bot.service.ResultPoller         : job 1037b0a7-8103-4e79-8bbc-264f031da91a seq 67..70 delivered, last crawled 134 ms ago
2026-08-29T20:37:28.186+02:00  INFO 53781 --- [tausendfuessler-bot] [   scheduling-1] d.u.e.t.bot.service.ResultPoller         : job 1037b0a7-8103-4e79-8bbc-264f031da91a seq 71..73 delivered, last crawled 277 ms ago
2026-08-29T20:37:29.309+02:00  INFO 53781 --- [tausendfuessler-bot] [   scheduling-1] d.u.e.t.bot.service.ResultPoller         : job 1037b0a7-8103-4e79-8bbc-264f031da91a seq 74..81 delivered, last crawled 374 ms ago
2026-08-29T20:37:30.485+02:00  INFO 53781 --- [tausendfuessler-bot] [   scheduling-1] d.u.e.t.bot.service.ResultPoller         : job 1037b0a7-8103-4e79-8bbc-264f031da91a seq 82..86 delivered, last crawled 69 ms ago
2026-08-29T20:37:31.681+02:00  INFO 53781 --- [tausendfuessler-bot] [   scheduling-1] d.u.e.t.bot.service.ResultPoller         : job 1037b0a7-8103-4e79-8bbc-264f031da91a seq 87..89 delivered, last crawled 447 ms ago
2026-08-29T20:37:32.786+02:00  INFO 53781 --- [tausendfuessler-bot] [   scheduling-1] d.u.e.t.bot.service.ResultPoller         : job 1037b0a7-8103-4e79-8bbc-264f031da91a seq 90..95 delivered, last crawled 52 ms ago
2026-08-29T20:37:33.900+02:00  INFO 53781 --- [tausendfuessler-bot] [   scheduling-1] d.u.e.t.bot.service.ResultPoller         : job 1037b0a7-8103-4e79-8bbc-264f031da91a seq 96..101 delivered, last crawled 208 ms ago
2026-08-29T20:37:34.980+02:00  INFO 53781 --- [tausendfuessler-bot] [   scheduling-1] d.u.e.t.bot.service.ResultPoller         : job 1037b0a7-8103-4e79-8bbc-264f031da91a seq 102..105 delivered, last crawled 41 ms ago
2026-08-29T20:37:36.071+02:00  INFO 53781 --- [tausendfuessler-bot] [   scheduling-1] d.u.e.t.bot.service.ResultPoller         : job 1037b0a7-8103-4e79-8bbc-264f031da91a seq 106..108 delivered, last crawled 327 ms ago
2026-08-29T20:37:37.159+02:00  INFO 53781 --- [tausendfuessler-bot] [   scheduling-1] d.u.e.t.bot.service.ResultPoller         : job 1037b0a7-8103-4e79-8bbc-264f031da91a seq 109..114 delivered, last crawled 195 ms ago
2026-08-29T20:37:38.254+02:00  INFO 53781 --- [tausendfuessler-bot] [   scheduling-1] d.u.e.t.bot.service.ResultPoller         : job 1037b0a7-8103-4e79-8bbc-264f031da91a seq 115..119 delivered, last crawled 640 ms ago
2026-08-29T20:37:39.387+02:00  INFO 53781 --- [tausendfuessler-bot] [   scheduling-1] d.u.e.t.bot.service.ResultPoller         : job 1037b0a7-8103-4e79-8bbc-264f031da91a seq 120..125 delivered, last crawled 184 ms ago
2026-08-29T20:37:40.479+02:00  INFO 53781 --- [tausendfuessler-bot] [   scheduling-1] d.u.e.t.bot.service.ResultPoller         : job 1037b0a7-8103-4e79-8bbc-264f031da91a seq 126..128 delivered, last crawled 551 ms ago
2026-08-29T20:37:41.554+02:00  INFO 53781 --- [tausendfuessler-bot] [   scheduling-1] d.u.e.t.bot.service.ResultPoller         : job 1037b0a7-8103-4e79-8bbc-264f031da91a seq 129..133 delivered, last crawled 210 ms ago
2026-08-29T20:37:42.637+02:00  INFO 53781 --- [tausendfuessler-bot] [   scheduling-1] d.u.e.t.bot.service.ResultPoller         : job 1037b0a7-8103-4e79-8bbc-264f031da91a seq 134..141 delivered, last crawled 20 ms ago
2026-08-29T20:37:43.739+02:00  INFO 53781 --- [tausendfuessler-bot] [   scheduling-1] d.u.e.t.bot.service.ResultPoller         : job 1037b0a7-8103-4e79-8bbc-264f031da91a seq 142..144 delivered, last crawled 554 ms ago
2026-08-29T20:37:44.817+02:00  INFO 53781 --- [tausendfuessler-bot] [   scheduling-1] d.u.e.t.bot.service.ResultPoller         : job 1037b0a7-8103-4e79-8bbc-264f031da91a seq 145..149 delivered, last crawled 161 ms ago
2026-08-29T20:37:45.946+02:00  INFO 53781 --- [tausendfuessler-bot] [   scheduling-1] d.u.e.t.bot.service.ResultPoller         : job 1037b0a7-8103-4e79-8bbc-264f031da91a seq 150..155 delivered, last crawled 132 ms ago
2026-08-29T20:37:47.034+02:00  INFO 53781 --- [tausendfuessler-bot] [   scheduling-1] d.u.e.t.bot.service.ResultPoller         : job 1037b0a7-8103-4e79-8bbc-264f031da91a seq 156..158 delivered, last crawled 118 ms ago
2026-08-29T20:37:48.137+02:00  INFO 53781 --- [tausendfuessler-bot] [   scheduling-1] d.u.e.t.bot.service.ResultPoller         : job 1037b0a7-8103-4e79-8bbc-264f031da91a seq 159..162 delivered, last crawled 164 ms ago
2026-08-29T20:37:49.279+02:00  INFO 53781 --- [tausendfuessler-bot] [   scheduling-1] d.u.e.t.bot.service.ResultPoller         : job 1037b0a7-8103-4e79-8bbc-264f031da91a seq 163..168 delivered, last crawled 217 ms ago
2026-08-29T20:37:50.388+02:00  INFO 53781 --- [tausendfuessler-bot] [   scheduling-1] d.u.e.t.bot.service.ResultPoller         : job 1037b0a7-8103-4e79-8bbc-264f031da91a seq 169..171 delivered, last crawled 255 ms ago
2026-08-29T20:37:51.478+02:00  INFO 53781 --- [tausendfuessler-bot] [   scheduling-1] d.u.e.t.bot.service.ResultPoller         : job 1037b0a7-8103-4e79-8bbc-264f031da91a seq 172..178 delivered, last crawled 87 ms ago
2026-08-29T20:37:52.599+02:00  INFO 53781 --- [tausendfuessler-bot] [   scheduling-1] d.u.e.t.bot.service.ResultPoller         : job 1037b0a7-8103-4e79-8bbc-264f031da91a seq 179..187 delivered, last crawled 36 ms ago
2026-08-29T20:37:53.745+02:00  INFO 53781 --- [tausendfuessler-bot] [   scheduling-1] d.u.e.t.bot.service.ResultPoller         : job 1037b0a7-8103-4e79-8bbc-264f031da91a seq 188..193 delivered, last crawled 11 ms ago
2026-08-29T20:37:54.839+02:00  INFO 53781 --- [tausendfuessler-bot] [   scheduling-1] d.u.e.t.bot.service.ResultPoller         : job 1037b0a7-8103-4e79-8bbc-264f031da91a seq 194..199 delivered, last crawled 38 ms ago
2026-08-29T20:37:55.969+02:00  INFO 53781 --- [tausendfuessler-bot] [   scheduling-1] d.u.e.t.bot.service.ResultPoller         : job 1037b0a7-8103-4e79-8bbc-264f031da91a seq 200..206 delivered, last crawled 259 ms ago
2026-08-29T20:37:57.078+02:00  INFO 53781 --- [tausendfuessler-bot] [   scheduling-1] d.u.e.t.bot.service.ResultPoller         : job 1037b0a7-8103-4e79-8bbc-264f031da91a seq 207..208 delivered, last crawled 192 ms ago
2026-08-29T20:37:58.170+02:00  INFO 53781 --- [tausendfuessler-bot] [   scheduling-1] d.u.e.t.bot.service.ResultPoller         : job 1037b0a7-8103-4e79-8bbc-264f031da91a seq 209..215 delivered, last crawled 48 ms ago
2026-08-29T20:37:59.276+02:00  INFO 53781 --- [tausendfuessler-bot] [   scheduling-1] d.u.e.t.bot.service.ResultPoller         : job 1037b0a7-8103-4e79-8bbc-264f031da91a seq 216..217 delivered, last crawled 499 ms ago
2026-08-29T20:38:00.370+02:00  INFO 53781 --- [tausendfuessler-bot] [   scheduling-1] d.u.e.t.bot.service.ResultPoller         : job 1037b0a7-8103-4e79-8bbc-264f031da91a seq 218..222 delivered, last crawled 133 ms ago
2026-08-29T20:38:01.481+02:00  INFO 53781 --- [tausendfuessler-bot] [   scheduling-1] d.u.e.t.bot.service.ResultPoller         : job 1037b0a7-8103-4e79-8bbc-264f031da91a seq 223..229 delivered, last crawled 288 ms ago
2026-08-29T20:38:02.581+02:00  INFO 53781 --- [tausendfuessler-bot] [   scheduling-1] d.u.e.t.bot.service.ResultPoller         : job 1037b0a7-8103-4e79-8bbc-264f031da91a seq 230..231 delivered, last crawled 796 ms ago
2026-08-29T20:38:03.663+02:00  INFO 53781 --- [tausendfuessler-bot] [   scheduling-1] d.u.e.t.bot.service.ResultPoller         : job 1037b0a7-8103-4e79-8bbc-264f031da91a seq 232..236 delivered, last crawled 406 ms ago
2026-08-29T20:38:04.756+02:00  INFO 53781 --- [tausendfuessler-bot] [   scheduling-1] d.u.e.t.bot.service.ResultPoller         : job 1037b0a7-8103-4e79-8bbc-264f031da91a seq 237..238 delivered, last crawled 801 ms ago
2026-08-29T20:38:05.892+02:00  INFO 53781 --- [tausendfuessler-bot] [   scheduling-1] d.u.e.t.bot.service.ResultPoller         : job 1037b0a7-8103-4e79-8bbc-264f031da91a seq 239..239 delivered, last crawled 184 ms ago
2026-08-29T20:38:54.295+02:00  INFO 53781 --- [tausendfuessler-bot] [   scheduling-1] d.u.e.t.bot.service.ResultPoller         : job 1037b0a7-8103-4e79-8bbc-264f031da91a seq 240..242 delivered, last crawled 172 ms ago
2026-08-29T20:38:55.385+02:00  INFO 53781 --- [tausendfuessler-bot] [   scheduling-1] d.u.e.t.bot.service.ResultPoller         : job 1037b0a7-8103-4e79-8bbc-264f031da91a seq 243..248 delivered, last crawled 93 ms ago
2026-08-29T20:38:56.562+02:00  INFO 53781 --- [tausendfuessler-bot] [   scheduling-1] d.u.e.t.bot.service.ResultPoller         : job 1037b0a7-8103-4e79-8bbc-264f031da91a seq 249..255 delivered, last crawled 42 ms ago
2026-08-29T20:38:57.651+02:00  INFO 53781 --- [tausendfuessler-bot] [   scheduling-1] d.u.e.t.bot.service.ResultPoller         : job 1037b0a7-8103-4e79-8bbc-264f031da91a seq 256..261 delivered, last crawled 25 ms ago
2026-08-29T20:38:58.749+02:00  INFO 53781 --- [tausendfuessler-bot] [   scheduling-1] d.u.e.t.bot.service.ResultPoller         : job 1037b0a7-8103-4e79-8bbc-264f031da91a seq 262..267 delivered, last crawled 231 ms ago
2026-08-29T20:38:59.865+02:00  INFO 53781 --- [tausendfuessler-bot] [   scheduling-1] d.u.e.t.bot.service.ResultPoller         : job 1037b0a7-8103-4e79-8bbc-264f031da91a seq 268..276 delivered, last crawled 170 ms ago
2026-08-29T20:39:01.010+02:00  INFO 53781 --- [tausendfuessler-bot] [   scheduling-1] d.u.e.t.bot.service.ResultPoller         : job 1037b0a7-8103-4e79-8bbc-264f031da91a seq 277..282 delivered, last crawled 82 ms ago
2026-08-29T20:39:02.094+02:00  INFO 53781 --- [tausendfuessler-bot] [   scheduling-1] d.u.e.t.bot.service.ResultPoller         : job 1037b0a7-8103-4e79-8bbc-264f031da91a seq 283..289 delivered, last crawled 228 ms ago
2026-08-29T20:39:03.193+02:00  INFO 53781 --- [tausendfuessler-bot] [   scheduling-1] d.u.e.t.bot.service.ResultPoller         : job 1037b0a7-8103-4e79-8bbc-264f031da91a seq 290..293 delivered, last crawled 406 ms ago
2026-08-29T20:39:04.303+02:00  INFO 53781 --- [tausendfuessler-bot] [   scheduling-1] d.u.e.t.bot.service.ResultPoller         : job 1037b0a7-8103-4e79-8bbc-264f031da91a seq 294..301 delivered, last crawled 285 ms ago
2026-08-29T20:39:05.407+02:00  INFO 53781 --- [tausendfuessler-bot] [   scheduling-1] d.u.e.t.bot.service.ResultPoller         : job 1037b0a7-8103-4e79-8bbc-264f031da91a seq 302..308 delivered, last crawled 207 ms ago
2026-08-29T20:39:06.508+02:00  INFO 53781 --- [tausendfuessler-bot] [   scheduling-1] d.u.e.t.bot.service.ResultPoller         : job 1037b0a7-8103-4e79-8bbc-264f031da91a seq 309..314 delivered, last crawled 9 ms ago
2026-08-29T20:39:07.597+02:00  INFO 53781 --- [tausendfuessler-bot] [   scheduling-1] d.u.e.t.bot.service.ResultPoller         : job 1037b0a7-8103-4e79-8bbc-264f031da91a seq 315..319 delivered, last crawled 250 ms ago
2026-08-29T20:39:08.698+02:00  INFO 53781 --- [tausendfuessler-bot] [   scheduling-1] d.u.e.t.bot.service.ResultPoller         : job 1037b0a7-8103-4e79-8bbc-264f031da91a seq 320..325 delivered, last crawled 220 ms ago
2026-08-29T20:39:09.800+02:00  INFO 53781 --- [tausendfuessler-bot] [   scheduling-1] d.u.e.t.bot.service.ResultPoller         : job 1037b0a7-8103-4e79-8bbc-264f031da91a seq 326..329 delivered, last crawled 76 ms ago
2026-08-29T20:39:10.885+02:00  INFO 53781 --- [tausendfuessler-bot] [   scheduling-1] d.u.e.t.bot.service.ResultPoller         : job 1037b0a7-8103-4e79-8bbc-264f031da91a seq 330..334 delivered, last crawled 82 ms ago
2026-08-29T20:39:11.987+02:00  INFO 53781 --- [tausendfuessler-bot] [   scheduling-1] d.u.e.t.bot.service.ResultPoller         : job 1037b0a7-8103-4e79-8bbc-264f031da91a seq 335..341 delivered, last crawled 59 ms ago
2026-08-29T20:39:13.089+02:00  INFO 53781 --- [tausendfuessler-bot] [   scheduling-1] d.u.e.t.bot.service.ResultPoller         : job 1037b0a7-8103-4e79-8bbc-264f031da91a seq 342..347 delivered, last crawled 314 ms ago
2026-08-29T20:39:14.189+02:00  INFO 53781 --- [tausendfuessler-bot] [   scheduling-1] d.u.e.t.bot.service.ResultPoller         : job 1037b0a7-8103-4e79-8bbc-264f031da91a seq 348..351 delivered, last crawled 117 ms ago
2026-08-29T20:39:15.281+02:00  INFO 53781 --- [tausendfuessler-bot] [   scheduling-1] d.u.e.t.bot.service.ResultPoller         : job 1037b0a7-8103-4e79-8bbc-264f031da91a seq 352..358 delivered, last crawled 165 ms ago
2026-08-29T20:39:16.430+02:00  INFO 53781 --- [tausendfuessler-bot] [   scheduling-1] d.u.e.t.bot.service.ResultPoller         : job 1037b0a7-8103-4e79-8bbc-264f031da91a seq 359..364 delivered, last crawled 142 ms ago
2026-08-29T20:39:17.530+02:00  INFO 53781 --- [tausendfuessler-bot] [   scheduling-1] d.u.e.t.bot.service.ResultPoller         : job 1037b0a7-8103-4e79-8bbc-264f031da91a seq 365..373 delivered, last crawled 52 ms ago
2026-08-29T20:39:18.699+02:00  INFO 53781 --- [tausendfuessler-bot] [   scheduling-1] d.u.e.t.bot.service.ResultPoller         : job 1037b0a7-8103-4e79-8bbc-264f031da91a seq 374..379 delivered, last crawled 41 ms ago
2026-08-29T20:39:19.794+02:00  INFO 53781 --- [tausendfuessler-bot] [   scheduling-1] d.u.e.t.bot.service.ResultPoller         : job 1037b0a7-8103-4e79-8bbc-264f031da91a seq 380..384 delivered, last crawled 69 ms ago
2026-08-29T20:39:20.909+02:00  INFO 53781 --- [tausendfuessler-bot] [   scheduling-1] d.u.e.t.bot.service.ResultPoller         : job 1037b0a7-8103-4e79-8bbc-264f031da91a seq 385..386 delivered, last crawled 462 ms ago
2026-08-29T20:39:22.026+02:00  INFO 53781 --- [tausendfuessler-bot] [   scheduling-1] d.u.e.t.bot.service.ResultPoller         : job 1037b0a7-8103-4e79-8bbc-264f031da91a seq 387..389 delivered, last crawled 609 ms ago
2026-08-29T20:39:23.139+02:00  INFO 53781 --- [tausendfuessler-bot] [   scheduling-1] d.u.e.t.bot.service.ResultPoller         : job 1037b0a7-8103-4e79-8bbc-264f031da91a seq 390..395 delivered, last crawled 364 ms ago
2026-08-29T20:39:24.219+02:00  INFO 53781 --- [tausendfuessler-bot] [   scheduling-1] d.u.e.t.bot.service.ResultPoller         : job 1037b0a7-8103-4e79-8bbc-264f031da91a seq 396..403 delivered, last crawled 261 ms ago
2026-08-29T20:39:25.326+02:00  INFO 53781 --- [tausendfuessler-bot] [   scheduling-1] d.u.e.t.bot.service.ResultPoller         : job 1037b0a7-8103-4e79-8bbc-264f031da91a seq 404..406 delivered, last crawled 125 ms ago
2026-08-29T20:39:26.425+02:00  INFO 53781 --- [tausendfuessler-bot] [   scheduling-1] d.u.e.t.bot.service.ResultPoller         : job 1037b0a7-8103-4e79-8bbc-264f031da91a seq 407..410 delivered, last crawled 472 ms ago
2026-08-29T20:39:27.523+02:00  INFO 53781 --- [tausendfuessler-bot] [   scheduling-1] d.u.e.t.bot.service.ResultPoller         : job 1037b0a7-8103-4e79-8bbc-264f031da91a seq 411..415 delivered, last crawled 122 ms ago
2026-08-29T20:39:28.616+02:00  INFO 53781 --- [tausendfuessler-bot] [   scheduling-1] d.u.e.t.bot.service.ResultPoller         : job 1037b0a7-8103-4e79-8bbc-264f031da91a seq 416..420 delivered, last crawled 28 ms ago
2026-08-29T20:39:29.740+02:00  INFO 53781 --- [tausendfuessler-bot] [   scheduling-1] d.u.e.t.bot.service.ResultPoller         : job 1037b0a7-8103-4e79-8bbc-264f031da91a seq 421..422 delivered, last crawled 418 ms ago
2026-08-29T20:39:31.054+02:00  INFO 53781 --- [tausendfuessler-bot] [   scheduling-1] d.u.e.t.bot.service.ResultPoller         : job 1037b0a7-8103-4e79-8bbc-264f031da91a seq 423..431 delivered, last crawled 55 ms ago
2026-08-29T20:39:32.219+02:00  INFO 53781 --- [tausendfuessler-bot] [   scheduling-1] d.u.e.t.bot.service.ResultPoller         : job 1037b0a7-8103-4e79-8bbc-264f031da91a seq 432..434 delivered, last crawled 488 ms ago
2026-08-29T20:39:33.323+02:00  INFO 53781 --- [tausendfuessler-bot] [   scheduling-1] d.u.e.t.bot.service.ResultPoller         : job 1037b0a7-8103-4e79-8bbc-264f031da91a seq 435..437 delivered, last crawled 800 ms ago
2026-08-29T20:39:33.495+02:00  INFO 53781 --- [tausendfuessler-bot] [   scheduling-1] d.u.e.t.bot.service.ResultPoller         : job 1037b0a7-8103-4e79-8bbc-264f031da91a unsubscribed
