20:36:18.685 [main] INFO  d.u.e.t.worker.WorkerApplication - worker demo-w1 starting, coordinator=localhost:9090 threads=8
20:36:18.808 [main] INFO  d.u.e.t.worker.WorkerClient - connected to coordinator localhost:9090 as demo-w1
20:36:18.825 [coordinator-reader] INFO  d.u.e.t.worker.WorkerClient - registered as demo-w1
20:37:14.069 [pool-1-thread-1] INFO  d.u.e.t.worker.CrawlTask - crawled url=https://www.versicherungsforen.net/sitemap.xml?page=1 status=200 thread=29
20:37:14.326 [pool-1-thread-2] INFO  d.u.e.t.worker.CrawlTask - crawled url=https://www.versicherungsforen.net status=200 thread=34
20:37:14.830 [pool-1-thread-7] INFO  d.u.e.t.worker.CrawlTask - crawled url=https://www.versicherungsforen.net/strategie-innovation/trendstudie-versicherungen status=200 thread=39
20:37:14.862 [pool-1-thread-5] INFO  d.u.e.t.worker.CrawlTask - crawled url=https://www.versicherungsforen.net/themendossier14-2020 status=200 thread=37
20:37:14.943 [pool-1-thread-1] INFO  d.u.e.t.worker.CrawlTask - crawled url=https://www.versicherungsforen.net/vertrieb-kunde/social-media-ist-mehr-als-nur-ein-vertriebskanal status=200 thread=29
20:37:15.647 [pool-1-thread-1] INFO  d.u.e.t.worker.CrawlTask - crawled url=https://www.versicherungsforen.net/strategie-innovation/neue-arbeitswelten-versicherer-auf-dem-weg-zu-new-work status=200 thread=29
20:37:15.905 [pool-1-thread-4] INFO  d.u.e.t.worker.CrawlTask - crawled url=https://www.versicherungsforen.net/strategie-innovation/wie-veraendert-corona-die-assekuranz status=200 thread=36
20:37:15.961 [pool-1-thread-6] INFO  d.u.e.t.worker.CrawlTask - crawled url=https://www.versicherungsforen.net/finanzen-risiko/studie-nachhaltigkeit-der-finanzindustrie status=200 thread=38
20:37:16.070 [pool-1-thread-2] INFO  d.u.e.t.worker.CrawlTask - crawled url=https://www.versicherungsforen.net/strategie-innovation/was-podcasts-so-interessant-fuer-versicherer-macht status=200 thread=34
20:37:16.339 [pool-1-thread-1] INFO  d.u.e.t.worker.CrawlTask - crawled url=https://www.versicherungsforen.net/strategie-innovation/warum-versicherer-zukunftsforschung-brauchen status=200 thread=29
20:37:16.674 [pool-1-thread-6] INFO  d.u.e.t.worker.CrawlTask - crawled url=https://www.versicherungsforen.net/schaden-leistung/cyberschaeden-mehrwerte-durch-assistanceleistungen-der-versicherer status=200 thread=38
20:37:16.854 [pool-1-thread-8] INFO  d.u.e.t.worker.CrawlTask - crawled url=https://www.versicherungsforen.net/analytik-it/hohe-erwartungen-kuenstliche-intelligenz-ki status=200 thread=40
20:37:16.959 [pool-1-thread-1] INFO  d.u.e.t.worker.CrawlTask - crawled url=https://www.versicherungsforen.net/betrieb-organisation/fachexpertise-humor-und-empathie-unser-team-vertrieb-und-service status=200 thread=29
20:37:17.210 [pool-1-thread-3] INFO  d.u.e.t.worker.CrawlTask - crawled url=https://www.versicherungsforen.net/strategie-innovation/innovieren-im-netzwerk status=200 thread=35
20:37:17.322 [pool-1-thread-6] INFO  d.u.e.t.worker.CrawlTask - crawled url=https://www.versicherungsforen.net/betrieb-organisation/den-trends-auf-den-fersen-unsere-kommunikations-allrounder status=200 thread=38
20:37:17.465 [pool-1-thread-8] INFO  d.u.e.t.worker.CrawlTask - crawled url=https://www.versicherungsforen.net/betrieb-organisation/sie-bringen-licht-ins-dunkel-der-zahlen-und-regulatorikwelt status=200 thread=40
20:37:17.682 [pool-1-thread-7] INFO  d.u.e.t.worker.CrawlTask - crawled url=https://www.versicherungsforen.net/vertrieb-kunde/corona-als-katalysator-fuer-den-hybriden-vertrieb status=200 thread=39
20:37:17.829 [pool-1-thread-5] INFO  d.u.e.t.worker.CrawlTask - crawled url=https://www.versicherungsforen.net/schaden-leistung/die-auswirkungen-von-covid-19-auf-den-betrug-bei-schadenmeldungen status=200 thread=37
20:37:17.850 [pool-1-thread-3] INFO  d.u.e.t.worker.CrawlTask - crawled url=https://www.versicherungsforen.net/betrieb-organisation/unsere-damen-von-der-versicherungsforen-akademie status=200 thread=35
20:37:17.966 [pool-1-thread-6] INFO  d.u.e.t.worker.CrawlTask - crawled url=https://www.versicherungsforen.net/strategie-innovation/wissenschaft-trifft-praxis-versicherungsforen-leipzig-foerdern-neue-professur status=200 thread=38
20:37:18.096 [pool-1-thread-8] INFO  d.u.e.t.worker.CrawlTask - crawled url=https://www.versicherungsforen.net/schaden-leistung/personenschaden-neue-ansaetze-zur-schnellen-rehabilitation status=200 thread=40
20:37:18.495 [pool-1-thread-5] INFO  d.u.e.t.worker.CrawlTask - crawled url=https://www.versicherungsforen.net/strategie-innovation/expedition-arbeitswelten-40-wir-waren-live-dabei status=200 thread=37
20:37:18.602 [pool-1-thread-3] INFO  d.u.e.t.worker.CrawlTask - crawled url=https://www.versicherungsforen.net/vertrieb-kunde/pwc-studie-kundenmanagement-der-zukunft status=200 thread=35
20:37:18.613 [pool-1-thread-6] INFO  d.u.e.t.worker.CrawlTask - crawled url=https://www.versicherungsforen.net/strategie-innovation/smart-home-wann-kommt-die-naechste-stufe status=200 thread=38
20:37:18.684 [pool-1-thread-8] INFO  d.u.e.t.worker.CrawlTask - crawled url=https://www.versicherungsforen.net/analytik-it/strukturierung-unstrukturierter-daten status=200 thread=40
20:37:18.833 [pool-1-thread-2] INFO  d.u.e.t.worker.CrawlTask - crawled url=https://www.versicherungsforen.net/produktmanagement/ist-die-grundfaehigkeitsversicherung-die-arbeitskraftabsicherung-20 status=200 thread=34
20:37:18.908 [pool-1-thread-4] INFO  d.u.e.t.worker.CrawlTask - crawled url=https://www.versicherungsforen.net/strategie-innovation/das-baltikum-ein-leuchtturm-der-wirtschaftlich-aufstrebenden-cee-region status=200 thread=36
20:37:19.254 [pool-1-thread-1] INFO  d.u.e.t.worker.CrawlTask - crawled url=https://www.versicherungsforen.net/betrieb-organisation/themenvielfalt-unserem-team-prozesse-organisationsentwicklung-neue status=200 thread=29
20:37:19.339 [pool-1-thread-6] INFO  d.u.e.t.worker.CrawlTask - crawled url=https://www.versicherungsforen.net/strategie-innovation/mit-fachlichem-know-how-den-herausforderungen-begegnen status=200 thread=38
20:37:19.575 [pool-1-thread-4] INFO  d.u.e.t.worker.CrawlTask - crawled url=https://www.versicherungsforen.net/produkt/case-study-oeffentliche-versicherung-braunschweig status=200 thread=36
20:37:19.873 [pool-1-thread-1] INFO  d.u.e.t.worker.CrawlTask - crawled url=https://www.versicherungsforen.net/analytik-it/case-study-blockchain-itergo status=200 thread=29
20:37:20.117 [pool-1-thread-3] INFO  d.u.e.t.worker.CrawlTask - crawled url=https://www.versicherungsforen.net/recht-compliance/regulatorik-und-kein-ende-sicht status=200 thread=35
20:37:20.636 [pool-1-thread-2] INFO  d.u.e.t.worker.CrawlTask - crawled url=https://www.versicherungsforen.net/betrieb-organisation/management-von-daten-informationen-und-wissen status=200 thread=34
20:37:20.663 [pool-1-thread-1] INFO  d.u.e.t.worker.CrawlTask - crawled url=https://www.versicherungsforen.net/vertrieb-kunde/die-vielfaeltigen-facetten-der-kommunikation status=200 thread=29
20:37:20.897 [pool-1-thread-7] INFO  d.u.e.t.worker.CrawlTask - crawled url=https://www.versicherungsforen.net/analytik-it/eawffm-expedition-arbeitswelten-frankfurt status=200 thread=39
20:37:21.034 [pool-1-thread-6] INFO  d.u.e.t.worker.CrawlTask - crawled url=https://www.versicherungsforen.net/finanzen-risiko/zahlen-fakten-lebensversicherung status=200 thread=38
20:37:21.054 [pool-1-thread-4] INFO  d.u.e.t.worker.CrawlTask - crawled url=https://www.versicherungsforen.net/vertrieb-kunde/beschwerdebarometer-branchenstudie-versicherungen status=200 thread=36
20:37:21.081 [pool-1-thread-8] INFO  d.u.e.t.worker.CrawlTask - crawled url=https://www.versicherungsforen.net/vertrieb-kunde/kundenzufriedenheit-als-erfolgsgarant-der-digitalisierten-welt status=200 thread=40
20:37:21.165 [pool-1-thread-5] INFO  d.u.e.t.worker.CrawlTask - crawled url=https://www.versicherungsforen.net/strategie-innovation/plattformen-und-oekosysteme-bei-versicherungen status=200 thread=37
20:37:21.675 [pool-1-thread-4] INFO  d.u.e.t.worker.CrawlTask - crawled url=https://www.versicherungsforen.net/betrieb-organisation/schoene-neue-arbeitswelt status=200 thread=36
20:37:21.749 [pool-1-thread-5] INFO  d.u.e.t.worker.CrawlTask - crawled url=https://www.versicherungsforen.net/vertrieb-kunde/der-kunde-im-fokus status=200 thread=37
20:37:21.902 [pool-1-thread-3] INFO  d.u.e.t.worker.CrawlTask - crawled url=https://www.versicherungsforen.net/schaden-leistung/whitepaperautomatisierung-der-assekuranz status=200 thread=35
20:37:22.183 [pool-1-thread-2] INFO  d.u.e.t.worker.CrawlTask - crawled url=https://www.versicherungsforen.net/produktmanagement/studie-restkreditversicherung-2017 status=200 thread=34
20:37:22.308 [pool-1-thread-4] INFO  d.u.e.t.worker.CrawlTask - crawled url=https://www.versicherungsforen.net/finanzen-risiko/gut-aufgestellt-finanzen-und-risikomanagement-der-versicherungswirtschaft status=200 thread=36
20:37:22.381 [pool-1-thread-5] INFO  d.u.e.t.worker.CrawlTask - crawled url=https://www.versicherungsforen.net/analytik-it/digitale-gefahren-die-sicherheit-von-it-und-systemen-im-fokus status=200 thread=37
20:37:22.556 [pool-1-thread-3] INFO  d.u.e.t.worker.CrawlTask - crawled url=https://www.versicherungsforen.net/betrieb-organisation/fremde-spezies-assekuradeure-der-versicherungswirtschaft status=200 thread=35
20:37:22.727 [pool-1-thread-1] INFO  d.u.e.t.worker.CrawlTask - crawled url=https://www.versicherungsforen.net/vertrieb-kunde/whitepaper-no-line-commerce status=200 thread=29
20:37:22.778 [pool-1-thread-2] INFO  d.u.e.t.worker.CrawlTask - crawled url=https://www.versicherungsforen.net/produktmanagement/studie-zukunft-der-altersvorsorge status=200 thread=34
20:37:22.937 [pool-1-thread-4] INFO  d.u.e.t.worker.CrawlTask - crawled url=https://www.versicherungsforen.net/produkt/studie-krankenversicherung-der-zukunft status=200 thread=36
20:37:22.988 [pool-1-thread-5] INFO  d.u.e.t.worker.CrawlTask - crawled url=https://www.versicherungsforen.net/strategie-innovation/studie-geschaeftsmodelle-40 status=200 thread=37
20:37:23.045 [pool-1-thread-8] INFO  d.u.e.t.worker.CrawlTask - crawled url=https://www.versicherungsforen.net/betrieb-organisation/bav-gemeinsam-vorsorgen status=200 thread=40
20:37:23.750 [pool-1-thread-8] INFO  d.u.e.t.worker.CrawlTask - crawled url=https://www.versicherungsforen.net/vertrieb-kunde/studie-kundenmanagement-im-versicherungswesen status=200 thread=40
20:37:23.782 [pool-1-thread-6] INFO  d.u.e.t.worker.CrawlTask - crawled url=https://www.versicherungsforen.net/strategie-innovation/projekt-nachhaltigkeit status=200 thread=38
20:37:23.840 [pool-1-thread-7] INFO  d.u.e.t.worker.CrawlTask - crawled url=https://www.versicherungsforen.net/analytik-it/versicherungs-it-im-wandel status=200 thread=39
20:37:24.311 [pool-1-thread-2] INFO  d.u.e.t.worker.CrawlTask - crawled url=https://www.versicherungsforen.net/finanzen-risiko/studie-umsetzungsstand-von-solvency-ii status=200 thread=34
20:37:24.317 [pool-1-thread-8] INFO  d.u.e.t.worker.CrawlTask - crawled url=https://www.versicherungsforen.net/betrieb-organisation/studie-arbeitswelt-der-zukunft status=200 thread=40
20:37:24.324 [pool-1-thread-3] INFO  d.u.e.t.worker.CrawlTask - crawled url=https://www.versicherungsforen.net/betrieb-organisation/studie-prozessoptimierung-der-assekuranz status=200 thread=35
20:37:24.358 [pool-1-thread-5] INFO  d.u.e.t.worker.CrawlTask - crawled url=https://www.versicherungsforen.net/vertrieb-kunde/studie-beschwerdemanagement-versicherungsunternehmen-2013 status=200 thread=37
20:37:24.453 [pool-1-thread-7] INFO  d.u.e.t.worker.CrawlTask - crawled url=https://www.versicherungsforen.net/schaden-leistung/schadenmanagement-mittels-daten-und-ki status=200 thread=39
20:37:25.042 [pool-1-thread-8] INFO  d.u.e.t.worker.CrawlTask - crawled url=https://www.versicherungsforen.net/schaden-leistung/schaeden-effektiv-und-effizient-managen status=200 thread=40
20:37:25.042 [pool-1-thread-7] INFO  d.u.e.t.worker.CrawlTask - crawled url=https://www.versicherungsforen.net/finanzen-risiko/implementierung-von-esg-faktoren-die-kapitalanlage status=200 thread=39
20:37:25.044 [pool-1-thread-5] INFO  d.u.e.t.worker.CrawlTask - crawled url=https://www.versicherungsforen.net/strategie-innovation/aktuelle-trends-und-entwicklungen-der-versicherungswirtschaft status=200 thread=37
20:37:25.668 [pool-1-thread-6] INFO  d.u.e.t.worker.CrawlTask - crawled url=https://www.versicherungsforen.net/vertrieb-kunde/studie-maklerbestandsverkauf status=200 thread=38
20:37:25.668 [pool-1-thread-8] INFO  d.u.e.t.worker.CrawlTask - crawled url=https://www.versicherungsforen.net/produktmanagement/studie-die-zukunft-der-kompositversicherung status=200 thread=40
20:37:25.698 [pool-1-thread-1] INFO  d.u.e.t.worker.CrawlTask - crawled url=https://www.versicherungsforen.net/vertrieb-kunde/studie-versicherungsvertrieb-der-zukunft-2015 status=200 thread=29
20:37:25.858 [pool-1-thread-5] INFO  d.u.e.t.worker.CrawlTask - crawled url=https://www.versicherungsforen.net/produktmanagement/case-study-hannoversche-lebensversicherung status=200 thread=37
20:37:26.327 [pool-1-thread-8] INFO  d.u.e.t.worker.CrawlTask - crawled url=https://www.versicherungsforen.net/strategie-innovation/trends-und-entwicklungen-der-versicherungswirtschaft-0 status=200 thread=40
20:37:26.570 [pool-1-thread-2] INFO  d.u.e.t.worker.CrawlTask - crawled url=https://www.versicherungsforen.net/vertrieb-kunde/den-richtigen-weg-finden-die-kunst-des-versicherungsvertriebs status=200 thread=34
20:37:26.751 [pool-1-thread-4] INFO  d.u.e.t.worker.CrawlTask - crawled url=https://www.versicherungsforen.net/strategie-innovation/studie-innovationsfaehigkeit-der-deutschen-versicherungswirtschaft-2014 status=200 thread=36
20:37:26.949 [pool-1-thread-8] INFO  d.u.e.t.worker.CrawlTask - crawled url=https://www.versicherungsforen.net/vertrieb-kunde/aktuelle-zahlen-und-fakten-zum-digital-lifestyle status=200 thread=40
20:37:27.207 [pool-1-thread-3] INFO  d.u.e.t.worker.CrawlTask - crawled url=https://www.versicherungsforen.net/vertrieb-kunde/vom-koenig-zum-partner-neue-wege-im-kundenmanagement status=200 thread=35
20:37:27.387 [pool-1-thread-4] INFO  d.u.e.t.worker.CrawlTask - crawled url=https://www.versicherungsforen.net/strategie-innovation/aktuelle-trends-und-entwicklungen-der-versicherungswirtschaft-0 status=200 thread=36
20:37:27.909 [pool-1-thread-3] INFO  d.u.e.t.worker.CrawlTask - crawled url=https://www.versicherungsforen.net/finanzen-risiko/aktuelle-zahlen-und-fakten-zur-nachhaltigkeit-der-finanzbranche status=200 thread=35
20:37:28.195 [pool-1-thread-1] INFO  d.u.e.t.worker.CrawlTask - crawled url=https://www.versicherungsforen.net/produktmanagement/zahlen-fakten-zur-krankenversicherung status=200 thread=29
20:37:28.228 [pool-1-thread-6] INFO  d.u.e.t.worker.CrawlTask - crawled url=https://www.versicherungsforen.net/strategie-innovation/trends-und-entwicklungen-der-versicherungswirtschaft status=200 thread=38
20:37:28.229 [pool-1-thread-2] INFO  d.u.e.t.worker.CrawlTask - crawled url=https://www.versicherungsforen.net/schaden-leistung/aktuelle-zahlen-und-fakten-zu-naturgefahren status=200 thread=34
20:37:28.269 [pool-1-thread-7] INFO  d.u.e.t.worker.CrawlTask - crawled url=https://www.versicherungsforen.net/produktmanagement/case-study-basler-lebensversicherung status=200 thread=39
20:37:28.318 [pool-1-thread-5] INFO  d.u.e.t.worker.CrawlTask - crawled url=https://www.versicherungsforen.net/strategie-innovation/trends-und-entwicklungen-der-versicherungswirtschaft-1 status=200 thread=37
20:37:28.589 [pool-1-thread-3] INFO  d.u.e.t.worker.CrawlTask - crawled url=https://www.versicherungsforen.net/vertrieb-kunde/hate-speech-der-online-kommunikation-von-versicherern-0 status=200 thread=35
20:37:28.906 [pool-1-thread-1] INFO  d.u.e.t.worker.CrawlTask - crawled url=https://www.versicherungsforen.net/strategie-innovation/oekosystem-gesundheit-healthtech-trends-und-ihr-nutzenpotenzial-fuer-personen status=200 thread=29
20:37:28.935 [pool-1-thread-8] INFO  d.u.e.t.worker.CrawlTask - crawled url=https://www.versicherungsforen.net/produktmanagement/aktuelle-zahlen-und-fakten-zur-kompositversicherung status=200 thread=40
20:37:29.752 [pool-1-thread-5] INFO  d.u.e.t.worker.CrawlTask - crawled url=https://www.versicherungsforen.net/analytik-it/automatisierung-der-posteingangsverarbeitung status=200 thread=37
20:37:29.966 [pool-1-thread-2] INFO  d.u.e.t.worker.CrawlTask - crawled url=https://www.versicherungsforen.net/schaden-leistung/cyber-risiken-und-der-faktor-mensch status=200 thread=34
20:37:30.375 [pool-1-thread-8] INFO  d.u.e.t.worker.CrawlTask - crawled url=https://www.versicherungsforen.net/strategie-innovation/oekosysteme-und-ihre-bedeutung-fuer-die-assekuranz status=200 thread=40
20:37:30.407 [pool-1-thread-1] INFO  d.u.e.t.worker.CrawlTask - crawled url=https://www.versicherungsforen.net/schaden-leistung/cyber-versicherung-markt-und-produktueberblick status=200 thread=29
20:37:30.416 [pool-1-thread-4] INFO  d.u.e.t.worker.CrawlTask - crawled url=https://www.versicherungsforen.net/strategie-innovation/aktuelle-zahlen-fakten-zum-versicherungsmarkt-deutschland status=200 thread=36
20:37:30.785 [pool-1-thread-3] INFO  d.u.e.t.worker.CrawlTask - crawled url=https://www.versicherungsforen.net/schaden-leistung/corona-und-die-auswirkungen-auf-die-assekuranz status=200 thread=35
20:37:30.877 [pool-1-thread-7] INFO  d.u.e.t.worker.CrawlTask - crawled url=https://www.versicherungsforen.net/produkt/sport-und-versicherungen-zahlen-und-fakten status=200 thread=39
20:37:31.234 [pool-1-thread-4] INFO  d.u.e.t.worker.CrawlTask - crawled url=https://www.versicherungsforen.net/vertrieb-kunde/aktuelle-zahlen-und-fakten-zum-kunden-und-beschwerdemanagement status=200 thread=36
20:37:31.794 [pool-1-thread-5] INFO  d.u.e.t.worker.CrawlTask - crawled url=https://www.versicherungsforen.net/strategie-innovation/oekosysteme-nischenthema-oder-zukunft status=200 thread=37
20:37:31.795 [pool-1-thread-1] INFO  d.u.e.t.worker.CrawlTask - crawled url=https://www.versicherungsforen.net/recht-compliance/deal-or-no-deal-der-brexit-und-die-versicherungswirtschaft status=200 thread=29
20:37:31.987 [pool-1-thread-6] INFO  d.u.e.t.worker.CrawlTask - crawled url=https://www.versicherungsforen.net/betrieb-organisation/podcast-7-versicherung-2021 status=200 thread=38
20:37:32.298 [pool-1-thread-2] INFO  d.u.e.t.worker.CrawlTask - crawled url=https://www.versicherungsforen.net/vertrieb-kunde/aktuelle-zahlen-fakten-zu-den-sozialen-medien status=200 thread=34
20:37:32.392 [pool-1-thread-8] INFO  d.u.e.t.worker.CrawlTask - crawled url=https://www.versicherungsforen.net/schaden-leistung/aktuelle-zahlen-fakten-zur-kompositversicherung status=200 thread=40
20:37:32.734 [pool-1-thread-4] INFO  d.u.e.t.worker.CrawlTask - crawled url=https://www.versicherungsforen.net/vertrieb-kunde/inhouse-seminar-grundlagen-versicherungsmarkt status=200 thread=36
20:37:33.053 [pool-1-thread-8] INFO  d.u.e.t.worker.CrawlTask - crawled url=https://www.versicherungsforen.net/strategie-innovation/oekosysteme-new-competitors-new-work status=200 thread=40
20:37:33.312 [pool-1-thread-7] INFO  d.u.e.t.worker.CrawlTask - crawled url=https://www.versicherungsforen.net/strategie-innovation/aktuelle-zahlen-und-fakten-zum-demografischen-wandel status=200 thread=39
20:37:33.409 [pool-1-thread-3] INFO  d.u.e.t.worker.CrawlTask - crawled url=https://www.versicherungsforen.net/finanzen-risiko/solide-gebaut-finanzen-und-risikomanagement-der-versicherungswirtschaft status=200 thread=35
20:37:33.461 [pool-1-thread-1] INFO  d.u.e.t.worker.CrawlTask - crawled url=https://www.versicherungsforen.net/produktmanagement/inhouse-seminar-betriebliche-versorgungssysteme status=200 thread=29
20:37:33.556 [pool-1-thread-6] INFO  d.u.e.t.worker.CrawlTask - crawled url=https://www.versicherungsforen.net/strategie-innovation/inhouse-seminar-neuerungen-trends-versicherungen status=200 thread=38
20:37:33.691 [pool-1-thread-2] INFO  d.u.e.t.worker.CrawlTask - crawled url=https://www.versicherungsforen.net/finanzen-risiko/inhouse-seminar-jahresabschluesse-versicherer status=200 thread=34
20:37:34.127 [pool-1-thread-4] INFO  d.u.e.t.worker.CrawlTask - crawled url=https://www.versicherungsforen.net/schaden-leistung/inhouse-seminar-grundlagen-schadenmanagement status=200 thread=36
20:37:34.849 [pool-1-thread-3] INFO  d.u.e.t.worker.CrawlTask - crawled url=https://www.versicherungsforen.net/produktmanagement/inhouse-seminar-personenversicherungszweige status=200 thread=35
20:37:34.860 [pool-1-thread-5] INFO  d.u.e.t.worker.CrawlTask - crawled url=https://www.versicherungsforen.net/strategie-innovation/web-based-training-digitale-transformation status=200 thread=37
20:37:34.939 [pool-1-thread-6] INFO  d.u.e.t.worker.CrawlTask - crawled url=https://www.versicherungsforen.net/produktmanagement/inhouse-seminar-aktuarielle-methoden-lv status=200 thread=38
20:37:35.170 [pool-1-thread-2] INFO  d.u.e.t.worker.CrawlTask - crawled url=https://www.versicherungsforen.net/produktmanagement/inhouse-seminar-aktuarielle-methoden-kv status=200 thread=34
20:37:35.671 [pool-1-thread-8] INFO  d.u.e.t.worker.CrawlTask - crawled url=https://www.versicherungsforen.net/schaden-leistung/inhouse-seminar-schadenmanagement status=200 thread=40
20:37:35.743 [pool-1-thread-7] INFO  d.u.e.t.worker.CrawlTask - crawled url=https://www.versicherungsforen.net/produktmanagement/inhouse-seminar-kompositversicherungszweige status=200 thread=39
20:37:36.345 [pool-1-thread-5] INFO  d.u.e.t.worker.CrawlTask - crawled url=https://www.versicherungsforen.net/recht-compliance/inhouse-seminar-solvency-ii-express status=200 thread=37
20:37:36.410 [pool-1-thread-1] INFO  d.u.e.t.worker.CrawlTask - crawled url=https://www.versicherungsforen.net/betrieb-organisation/inhouse-seminar-steuerung-versicherungsunternehmen status=200 thread=29
20:37:36.698 [pool-1-thread-2] INFO  d.u.e.t.worker.CrawlTask - crawled url=https://www.versicherungsforen.net/betrieb-organisation/inhouse-seminar-projektmanagement status=200 thread=34
20:37:36.922 [pool-1-thread-6] INFO  d.u.e.t.worker.CrawlTask - crawled url=https://www.versicherungsforen.net/strategie-innovation/inhouse-seminar-handlungsoptionen status=200 thread=38
20:37:36.923 [pool-1-thread-3] INFO  d.u.e.t.worker.CrawlTask - crawled url=https://www.versicherungsforen.net/recht-compliance/inhouse-seminar-solvency-ii status=200 thread=35
20:37:36.964 [pool-1-thread-4] INFO  d.u.e.t.worker.CrawlTask - crawled url=https://www.versicherungsforen.net/finanzen-risiko/inhouse-seminar-kapitalanlagemanagement status=200 thread=36
20:37:37.198 [pool-1-thread-8] INFO  d.u.e.t.worker.CrawlTask - crawled url=https://www.versicherungsforen.net/strategie-innovation/inhouse-seminar-versicherungswissen-trainees status=200 thread=40
20:37:37.269 [pool-1-thread-7] INFO  d.u.e.t.worker.CrawlTask - crawled url=https://www.versicherungsforen.net/strategie-innovation/inhouse-seminar-versicherungswissen-dienstleister status=200 thread=39
20:37:37.574 [pool-1-thread-4] INFO  d.u.e.t.worker.CrawlTask - crawled url=https://www.versicherungsforen.net/produktmanagement/mobilitaet-zahlen-fakten-trends status=200 thread=36
20:37:37.576 [pool-1-thread-3] INFO  d.u.e.t.worker.CrawlTask - crawled url=https://www.versicherungsforen.net/strategie-innovation/cyber-versicherungen-neue-chancen-und-herausforderungen status=200 thread=35
20:37:37.614 [pool-1-thread-6] INFO  d.u.e.t.worker.CrawlTask - crawled url=https://www.versicherungsforen.net/strategie-innovation/aktuelle-zahlen-fakten-zur-kompositversicherung status=200 thread=38
20:37:38.645 [pool-1-thread-7] INFO  d.u.e.t.worker.CrawlTask - crawled url=https://www.versicherungsforen.net/betrieb-organisation/versicherer-als-oekosystem-orchestrator-aber-klar-doch status=200 thread=39
20:37:38.645 [pool-1-thread-1] INFO  d.u.e.t.worker.CrawlTask - crawled url=https://www.versicherungsforen.net/strategie-innovation/aktuelle-zahlen-fakten-zur-mobilitaet status=200 thread=29
20:37:38.839 [pool-1-thread-8] INFO  d.u.e.t.worker.CrawlTask - crawled url=https://www.versicherungsforen.net/analytik-it/stand-der-dunkelverarbeitung-bei-versicherern status=200 thread=40
20:37:39.024 [pool-1-thread-5] INFO  d.u.e.t.worker.CrawlTask - crawled url=https://www.versicherungsforen.net/vertrieb-kunde/sales-goes-digital status=200 thread=37
20:37:39.052 [pool-1-thread-3] INFO  d.u.e.t.worker.CrawlTask - crawled url=https://www.versicherungsforen.net/analytik-it/cyber-versicherungen-spuerbares-wachstum-und-wettbewerbsdruck status=200 thread=35
20:37:39.203 [pool-1-thread-2] INFO  d.u.e.t.worker.CrawlTask - crawled url=https://www.versicherungsforen.net/vertrieb-kunde/daten-als-treiber status=200 thread=34
20:37:39.513 [pool-1-thread-1] INFO  d.u.e.t.worker.CrawlTask - crawled url=https://www.versicherungsforen.net/betrieb-organisation/plattformregulierung-soziale-netzwerke status=200 thread=29
20:37:39.540 [pool-1-thread-8] INFO  d.u.e.t.worker.CrawlTask - crawled url=https://www.versicherungsforen.net/vertrieb-kunde/beziehung-versicherungen-maklerpools status=200 thread=40
20:37:39.928 [pool-1-thread-7] INFO  d.u.e.t.worker.CrawlTask - crawled url=https://www.versicherungsforen.net/produktmanagement/wie-sich-privat-und-gewerbekunden-gegen-cyberangriffe-absichern-koennen status=200 thread=39
20:37:40.608 [pool-1-thread-6] INFO  d.u.e.t.worker.CrawlTask - crawled url=https://www.versicherungsforen.net/finanzen-risiko/sustainable-finance-chancen-fuer-die-kommunikation-und-die-kundenbindung status=200 thread=38
20:37:40.640 [pool-1-thread-2] INFO  d.u.e.t.worker.CrawlTask - crawled url=https://www.versicherungsforen.net/schaden-leistung/mobilitaet-im-wandel status=200 thread=34
20:37:40.731 [pool-1-thread-4] INFO  d.u.e.t.worker.CrawlTask - crawled url=https://www.versicherungsforen.net/vertrieb-kunde/onlineauftritte-versicherungsagentur-1-kundenbewertung status=200 thread=36
20:37:41.245 [pool-1-thread-1] INFO  d.u.e.t.worker.CrawlTask - crawled url=https://www.versicherungsforen.net/strategie-innovation/cross-industry-der-assekuranz status=200 thread=29
20:37:41.344 [pool-1-thread-8] INFO  d.u.e.t.worker.CrawlTask - crawled url=https://www.versicherungsforen.net/vertrieb-kunde/online-versicherungsagentur-zielgruppenstrategie status=200 thread=40
20:37:41.702 [pool-1-thread-5] INFO  d.u.e.t.worker.CrawlTask - crawled url=https://www.versicherungsforen.net/vertrieb-kunde/social-media-versicherungen status=200 thread=37
20:37:41.886 [pool-1-thread-7] INFO  d.u.e.t.worker.CrawlTask - crawled url=https://www.versicherungsforen.net/strategie-innovation/das-beschaeftigt-die-assekuranz status=200 thread=39
20:37:41.903 [pool-1-thread-8] INFO  d.u.e.t.worker.CrawlTask - crawled url=https://www.versicherungsforen.net/schaden-leistung/berechnung-einer-versicherungspraemie-fuer-kkw status=200 thread=40
20:37:41.966 [pool-1-thread-2] INFO  d.u.e.t.worker.CrawlTask - crawled url=https://www.versicherungsforen.net/vertrieb-kunde/online-versicherungsagentur-neue-medien status=200 thread=34
20:37:42.225 [pool-1-thread-3] INFO  d.u.e.t.worker.CrawlTask - crawled url=https://www.versicherungsforen.net/vertrieb-kunde/online-versicherungsagentur-social-media status=200 thread=35
20:37:42.286 [pool-1-thread-5] INFO  d.u.e.t.worker.CrawlTask - crawled url=https://www.versicherungsforen.net/strategie-innovation/die-pkv-der-zukunft-muss-mehr-bieten-als-nur-leistungserstattungen status=200 thread=37
20:37:42.587 [pool-1-thread-8] INFO  d.u.e.t.worker.CrawlTask - crawled url=https://www.versicherungsforen.net/strategie-innovation/case-study-swiss-life-arbeitswelt-der-zukunft status=200 thread=40
20:37:42.616 [pool-1-thread-2] INFO  d.u.e.t.worker.CrawlTask - crawled url=https://www.versicherungsforen.net/strategie-innovation/case-study-huk-coburg status=200 thread=34
20:37:42.649 [pool-1-thread-4] INFO  d.u.e.t.worker.CrawlTask - crawled url=https://www.versicherungsforen.net/produktmanagement/die-zukunft-der-altersvorsorge status=200 thread=36
20:37:42.927 [pool-1-thread-5] INFO  d.u.e.t.worker.CrawlTask - crawled url=https://www.versicherungsforen.net/analytik-it/mlops-ki-effizient-betreiben status=200 thread=37
20:37:43.184 [pool-1-thread-8] INFO  d.u.e.t.worker.CrawlTask - crawled url=https://www.versicherungsforen.net/strategie-innovation/der-versicherungsmarkt-polen-im-blick status=200 thread=40
20:37:44.023 [pool-1-thread-6] INFO  d.u.e.t.worker.CrawlTask - crawled url=https://www.versicherungsforen.net/schaden-leistung/connected-car-versicherungsbranche status=200 thread=38
20:37:44.243 [pool-1-thread-1] INFO  d.u.e.t.worker.CrawlTask - crawled url=https://www.versicherungsforen.net/betrieb-organisation/nachhaltigkeit-der-assekuranz status=200 thread=29
20:37:44.437 [pool-1-thread-5] INFO  d.u.e.t.worker.CrawlTask - crawled url=https://www.versicherungsforen.net/schaden-leistung/web-based-training-smart-home status=200 thread=37
20:37:44.512 [pool-1-thread-7] INFO  d.u.e.t.worker.CrawlTask - crawled url=https://www.versicherungsforen.net/strategie-innovation/inhouse-seminar-trend-day status=200 thread=39
20:37:44.655 [pool-1-thread-8] INFO  d.u.e.t.worker.CrawlTask - crawled url=https://www.versicherungsforen.net/vertrieb-kunde/expertenbefragung-maklerpools-2020 status=200 thread=40
20:37:45.102 [pool-1-thread-4] INFO  d.u.e.t.worker.CrawlTask - crawled url=https://www.versicherungsforen.net/strategie-innovation/themendossier-62021-trends-und-entwicklungen-der-versicherungswirtschaft status=200 thread=36
20:37:45.168 [pool-1-thread-2] INFO  d.u.e.t.worker.CrawlTask - crawled url=https://www.versicherungsforen.net/strategie-innovation/web-based-training-oekosysteme status=200 thread=34
20:37:45.704 [pool-1-thread-6] INFO  d.u.e.t.worker.CrawlTask - crawled url=https://www.versicherungsforen.net/finanzen-risiko/web-based-training-bilanzierung-hgb status=200 thread=38
20:37:45.736 [pool-1-thread-3] INFO  d.u.e.t.worker.CrawlTask - crawled url=https://www.versicherungsforen.net/vertrieb-kunde/willkommen-auf-unserer-neuen-webseite status=200 thread=35
20:37:45.774 [pool-1-thread-2] INFO  d.u.e.t.worker.CrawlTask - crawled url=https://www.versicherungsforen.net/betrieb-organisation/themendossier-82021-aktuelle-zahlen-und-fakten-nachhaltigkeit status=200 thread=34
20:37:45.814 [pool-1-thread-1] INFO  d.u.e.t.worker.CrawlTask - crawled url=https://www.versicherungsforen.net/schaden-leistung/web-based-training-schadenmanagement status=200 thread=29
20:37:46.325 [pool-1-thread-6] INFO  d.u.e.t.worker.CrawlTask - crawled url=https://www.versicherungsforen.net/vertrieb-kunde/e-sports-ein-spannendes-feld-fuer-die-assekuranz status=200 thread=38
20:37:46.843 [pool-1-thread-5] INFO  d.u.e.t.worker.CrawlTask - crawled url=https://www.versicherungsforen.net/vertrieb-kunde/schwerpunkt-kundenschnittstellen status=200 thread=37
20:37:46.916 [pool-1-thread-6] INFO  d.u.e.t.worker.CrawlTask - crawled url=https://www.versicherungsforen.net/analytik-it/inputmanagement-im-experteninterview-mit-tcg status=200 thread=38
20:37:47.482 [pool-1-thread-4] INFO  d.u.e.t.worker.CrawlTask - crawled url=https://www.versicherungsforen.net/betrieb-organisation/10-aufgaben-die-zusammenschweissen status=200 thread=36
20:37:47.509 [pool-1-thread-1] INFO  d.u.e.t.worker.CrawlTask - crawled url=https://www.versicherungsforen.net/finanzen-risiko/marktmonitor-unternehmenskennzahlen status=200 thread=29
20:37:47.596 [pool-1-thread-6] INFO  d.u.e.t.worker.CrawlTask - crawled url=https://www.versicherungsforen.net/schaden-leistung/neue-impulse-telematik-der-kfz-versicherung-0 status=200 thread=38
20:37:47.973 [pool-1-thread-8] INFO  d.u.e.t.worker.CrawlTask - crawled url=https://www.versicherungsforen.net/strategie-innovation/auswirkungen-genetik-auf-die-versicherungsbranche status=200 thread=40
20:37:48.225 [pool-1-thread-6] INFO  d.u.e.t.worker.CrawlTask - crawled url=https://www.versicherungsforen.net/betrieb-organisation/zusammenarbeit-und-kommunikation-im-new-normal status=200 thread=38
20:37:48.257 [pool-1-thread-7] INFO  d.u.e.t.worker.CrawlTask - crawled url=https://www.versicherungsforen.net/finanzen-risiko/marktmonitor-sustainable-insurance-industry status=200 thread=39
20:37:48.672 [pool-1-thread-8] INFO  d.u.e.t.worker.CrawlTask - crawled url=https://www.versicherungsforen.net/finanzen-risiko/alles-gruen-finanzen-risikomanagement-der-versicherungswirtschaft status=200 thread=40
20:37:48.707 [pool-1-thread-3] INFO  d.u.e.t.worker.CrawlTask - crawled url=https://www.versicherungsforen.net/betrieb-organisation/web-based-training-grundlagen-versicherungsmarkt status=200 thread=35
20:37:48.820 [pool-1-thread-6] INFO  d.u.e.t.worker.CrawlTask - crawled url=https://www.versicherungsforen.net/vertrieb-kunde/digitale-empathie-ein-muss-der-digitalen-welt status=200 thread=38
20:37:49.062 [pool-1-thread-4] INFO  d.u.e.t.worker.CrawlTask - crawled url=https://www.versicherungsforen.net/recht-compliance/web-based-training-solvency-ii-express status=200 thread=36
20:37:49.407 [pool-1-thread-5] INFO  d.u.e.t.worker.CrawlTask - crawled url=https://www.versicherungsforen.net/vertrieb-kunde/auf-dem-weg-ins-kundenmanagement-der-zukunft status=200 thread=37
20:37:49.438 [pool-1-thread-6] INFO  d.u.e.t.worker.CrawlTask - crawled url=https://www.versicherungsforen.net/strategie-innovation/nachhaltigkeit-der-versicherungswirtschaft-0 status=200 thread=38
20:37:50.133 [pool-1-thread-1] INFO  d.u.e.t.worker.CrawlTask - crawled url=https://www.versicherungsforen.net/analytik-it/digitale-transformation-durch-iot status=200 thread=29
20:37:50.780 [pool-1-thread-1] INFO  d.u.e.t.worker.CrawlTask - crawled url=https://www.versicherungsforen.net/strategie-innovation/innovationen-und-neue-player-am-versicherungsmarkt status=200 thread=29
20:37:50.901 [pool-1-thread-4] INFO  d.u.e.t.worker.CrawlTask - crawled url=https://www.versicherungsforen.net/analytik-it/it-sicherheit-ist-ein-prozess status=200 thread=36
20:37:51.003 [pool-1-thread-7] INFO  d.u.e.t.worker.CrawlTask - crawled url=https://www.versicherungsforen.net/schaden-leistung/podcast-11-ambient-assisted-living status=200 thread=39
20:37:51.004 [pool-1-thread-5] INFO  d.u.e.t.worker.CrawlTask - crawled url=https://www.versicherungsforen.net/finanzen-risiko/web-based-training-aktuarielle-methoden-lv status=200 thread=37
20:37:51.087 [pool-1-thread-2] INFO  d.u.e.t.worker.CrawlTask - crawled url=https://www.versicherungsforen.net/produktmanagement/marktmonitor-innovative-produkte-und-services status=200 thread=34
20:37:51.358 [pool-1-thread-3] INFO  d.u.e.t.worker.CrawlTask - crawled url=https://www.versicherungsforen.net/strategie-innovation/inhouse-seminar-virtuelle-fuehrung status=200 thread=35
20:37:51.391 [pool-1-thread-1] INFO  d.u.e.t.worker.CrawlTask - crawled url=https://www.versicherungsforen.net/vertrieb-kunde/online-marketing-benchmark status=200 thread=29
20:37:51.528 [pool-1-thread-8] INFO  d.u.e.t.worker.CrawlTask - crawled url=https://www.versicherungsforen.net/strategie-innovation/inhouse-seminar-hybride-zusammenarbeit status=200 thread=40
20:37:51.639 [pool-1-thread-7] INFO  d.u.e.t.worker.CrawlTask - crawled url=https://www.versicherungsforen.net/strategie-innovation/nachhaltigkeit-der-assekuranz status=200 thread=39
20:37:51.726 [pool-1-thread-5] INFO  d.u.e.t.worker.CrawlTask - crawled url=https://www.versicherungsforen.net/vertrieb-kunde/kundenmanagement-und-feedbackmanagement-versicherungen status=200 thread=37
20:37:51.940 [pool-1-thread-1] INFO  d.u.e.t.worker.CrawlTask - crawled url=https://www.versicherungsforen.net/strategie-innovation/wie-wird-die-pkv-zukunftsfaehig status=200 thread=29
20:37:51.949 [pool-1-thread-3] INFO  d.u.e.t.worker.CrawlTask - crawled url=https://www.versicherungsforen.net/vertrieb-kunde/vertriebsmanagement-digitale-services-und-digitale-kommunikation-der-assekuranz status=200 thread=35
20:37:52.214 [pool-1-thread-6] INFO  d.u.e.t.worker.CrawlTask - crawled url=https://www.versicherungsforen.net/schaden-leistung/mobilitaet-im-wandel-chancen-risiken-fuer-versicherer status=200 thread=38
20:37:52.245 [pool-1-thread-7] INFO  d.u.e.t.worker.CrawlTask - crawled url=https://www.versicherungsforen.net/strategie-innovation/nachhaltigkeit-entlang-der-lieferkette status=200 thread=39
20:37:52.326 [pool-1-thread-5] INFO  d.u.e.t.worker.CrawlTask - crawled url=https://www.versicherungsforen.net/vertrieb-kunde/der-kunde-vom-kennen-und-kennenlernen status=200 thread=37
20:37:52.562 [pool-1-thread-1] INFO  d.u.e.t.worker.CrawlTask - crawled url=https://www.versicherungsforen.net/vertrieb-kunde/zukunft-des-maklermarktes-status-quo-treiber status=200 thread=29
20:37:52.885 [pool-1-thread-6] INFO  d.u.e.t.worker.CrawlTask - crawled url=https://www.versicherungsforen.net/vertrieb-kunde/kundenfeedback-versicherungen status=200 thread=38
20:37:52.887 [pool-1-thread-5] INFO  d.u.e.t.worker.CrawlTask - crawled url=https://www.versicherungsforen.net/strategie-innovation/aktuelle-entwicklungen-der-versicherungswirtschaft status=200 thread=37
20:37:53.329 [pool-1-thread-4] INFO  d.u.e.t.worker.CrawlTask - crawled url=https://www.versicherungsforen.net/schaden-leistung/veraenderte-praemien-als-logische-konsequenz-veraenderter-mobilitaet status=200 thread=36
20:37:53.486 [pool-1-thread-2] INFO  d.u.e.t.worker.CrawlTask - crawled url=https://www.versicherungsforen.net/schaden-leistung/schwerpunkt-schadenmanagement status=200 thread=34
20:37:53.568 [pool-1-thread-6] INFO  d.u.e.t.worker.CrawlTask - crawled url=https://www.versicherungsforen.net/vertrieb-kunde/kundenzentrierung-bei-der-vkb status=200 thread=38
20:37:53.734 [pool-1-thread-5] INFO  d.u.e.t.worker.CrawlTask - crawled url=https://www.versicherungsforen.net/node/3123 status=200 thread=37
20:37:54.020 [pool-1-thread-4] INFO  d.u.e.t.worker.CrawlTask - crawled url=https://www.versicherungsforen.net/vertrieb-kunde/das-potential-von-serviceanliegen-effektiv-nutzen status=200 thread=36
20:37:54.182 [pool-1-thread-6] INFO  d.u.e.t.worker.CrawlTask - crawled url=https://www.versicherungsforen.net/produktmanagement/innovative-produkte-und-services status=200 thread=38
20:37:54.500 [pool-1-thread-8] INFO  d.u.e.t.worker.CrawlTask - crawled url=https://www.versicherungsforen.net/strategie-innovation/versicherungen-im-wandel status=200 thread=40
20:37:54.599 [pool-1-thread-4] INFO  d.u.e.t.worker.CrawlTask - crawled url=https://www.versicherungsforen.net/analytik-it/podcast-13-psd2-potenzial-und-huerden status=200 thread=36
20:37:54.764 [pool-1-thread-7] INFO  d.u.e.t.worker.CrawlTask - crawled url=https://www.versicherungsforen.net/strategie-innovation/new-work-und-kulturwandel-der-assekuranz status=200 thread=39
20:37:54.800 [pool-1-thread-6] INFO  d.u.e.t.worker.CrawlTask - crawled url=https://www.versicherungsforen.net/vertrieb-kunde/how-emotional-ai-bots-can-be-used-customer-services status=200 thread=38
20:37:55.121 [pool-1-thread-3] INFO  d.u.e.t.worker.CrawlTask - crawled url=https://www.versicherungsforen.net/finanzen-risiko/entwicklungen-im-kapitalanlage-und-risikomanagement-0 status=200 thread=35
20:37:55.122 [pool-1-thread-2] INFO  d.u.e.t.worker.CrawlTask - crawled url=https://www.versicherungsforen.net/recht-compliance/web-based-training-solvency-ii status=200 thread=34
20:37:55.125 [pool-1-thread-8] INFO  d.u.e.t.worker.CrawlTask - crawled url=https://www.versicherungsforen.net/schaden-leistung/drei-fragen-die-schadenexperten-von-den-rheinland-versicherungen status=200 thread=40
20:37:55.165 [pool-1-thread-1] INFO  d.u.e.t.worker.CrawlTask - crawled url=https://www.versicherungsforen.net/produktmanagement/us-zweitmarkt-fuer-lebensversicherungen status=200 thread=29
20:37:55.182 [pool-1-thread-4] INFO  d.u.e.t.worker.CrawlTask - crawled url=https://www.versicherungsforen.net/strategie-innovation/organisation-entlang-der-technology-adoption-curve status=200 thread=36
20:37:55.421 [pool-1-thread-7] INFO  d.u.e.t.worker.CrawlTask - crawled url=https://www.versicherungsforen.net/schaden-leistung/darum-ist-der-erstkontakt-im-schadenfall-so-wichtig status=200 thread=39
20:37:55.710 [pool-1-thread-2] INFO  d.u.e.t.worker.CrawlTask - crawled url=https://www.versicherungsforen.net/vertrieb-kunde/epa-fort-oder-rueckschritt-fuer-das-gesundheitswesen status=200 thread=34
20:37:56.554 [pool-1-thread-5] INFO  d.u.e.t.worker.CrawlTask - crawled url=https://www.versicherungsforen.net/finanzen-risiko/auswirkungen-der-coronakrise-auf-das-risikomanagement-und status=200 thread=37
20:37:56.886 [pool-1-thread-3] INFO  d.u.e.t.worker.CrawlTask - crawled url=https://www.versicherungsforen.net/produktmanagement/themendossier-142021-zahlen-fakten-cee-region status=200 thread=35
20:37:57.191 [pool-1-thread-5] INFO  d.u.e.t.worker.CrawlTask - crawled url=https://www.versicherungsforen.net/schaden-leistung/zahlen-und-fakten-kompositversicherung status=200 thread=37
20:37:57.244 [pool-1-thread-6] INFO  d.u.e.t.worker.CrawlTask - crawled url=https://www.versicherungsforen.net/schaden-leistung/satellitengestuetzte-analysen-und-prognosen-bei-der-swiss-re-interviev status=200 thread=38
20:37:57.402 [pool-1-thread-2] INFO  d.u.e.t.worker.CrawlTask - crawled url=https://www.versicherungsforen.net/produktmanagement/zahlen-fakten-krankenversicherung status=200 thread=34
20:37:57.840 [pool-1-thread-8] INFO  d.u.e.t.worker.CrawlTask - crawled url=https://www.versicherungsforen.net/analytik-it/open-insurance-zwischen-evolution-und-revolution status=200 thread=40
20:37:57.873 [pool-1-thread-1] INFO  d.u.e.t.worker.CrawlTask - crawled url=https://www.versicherungsforen.net/analytik-it/von-der-richtigen-cloud-strategie-profitieren status=200 thread=29
20:37:58.045 [pool-1-thread-4] INFO  d.u.e.t.worker.CrawlTask - crawled url=https://www.versicherungsforen.net/schaden-leistung/mobilitaetsoekosysteme-mit-mobilitaetsdienstleistern-gestalten status=200 thread=36
20:37:58.122 [pool-1-thread-7] INFO  d.u.e.t.worker.CrawlTask - crawled url=https://www.versicherungsforen.net/betrieb-organisation/pandemie-und-auswirkungen-auf-versicherungsbranche status=200 thread=39
20:37:58.403 [pool-1-thread-3] INFO  d.u.e.t.worker.CrawlTask - crawled url=https://www.versicherungsforen.net/strategie-innovation/web-based-training-versicherungs-it status=200 thread=35
20:37:58.776 [pool-1-thread-7] INFO  d.u.e.t.worker.CrawlTask - crawled url=https://www.versicherungsforen.net/strategie-innovation/new-work-traditionellen-unternehmen status=200 thread=39
20:37:59.542 [pool-1-thread-8] INFO  d.u.e.t.worker.CrawlTask - crawled url=https://www.versicherungsforen.net/strategie-innovation/bancassurance-es-ist-zeit-fuer-einen-perspektivwechsel status=200 thread=40
20:37:59.862 [pool-1-thread-3] INFO  d.u.e.t.worker.CrawlTask - crawled url=https://www.versicherungsforen.net/vertrieb-kunde/studie-perspektiven-der-bancassurance-deutschland status=200 thread=35
20:37:59.894 [pool-1-thread-2] INFO  d.u.e.t.worker.CrawlTask - crawled url=https://www.versicherungsforen.net/produktmanagement/gewerbekundenmarkt-chancen-risiken-durch-corona status=200 thread=34
20:38:00.037 [pool-1-thread-5] INFO  d.u.e.t.worker.CrawlTask - crawled url=https://www.versicherungsforen.net/vertrieb-kunde/bancassurance-im-europaeischen-vergleich status=200 thread=37
20:38:00.236 [pool-1-thread-8] INFO  d.u.e.t.worker.CrawlTask - crawled url=https://www.versicherungsforen.net/vertrieb-kunde/mit-white-label-loesungen-zusaetzliche-potenziale-erschliessen status=200 thread=40
20:38:00.485 [pool-1-thread-1] INFO  d.u.e.t.worker.CrawlTask - crawled url=https://www.versicherungsforen.net/vertrieb-kunde/e-signaturen-erfreuen-sich-wachsender-beliebtheit status=200 thread=29
20:38:00.545 [pool-1-thread-3] INFO  d.u.e.t.worker.CrawlTask - crawled url=https://www.versicherungsforen.net/vertrieb-kunde/bancassurance-reloaded status=200 thread=35
20:38:00.573 [pool-1-thread-2] INFO  d.u.e.t.worker.CrawlTask - crawled url=https://www.versicherungsforen.net/schaden-leistung/schadenmanagement-themen-und-herausforderungen status=200 thread=34
20:38:00.850 [pool-1-thread-4] INFO  d.u.e.t.worker.CrawlTask - crawled url=https://www.versicherungsforen.net/analytik-it/insight-trendbarometer-2021 status=200 thread=36
20:38:00.923 [pool-1-thread-8] INFO  d.u.e.t.worker.CrawlTask - crawled url=https://www.versicherungsforen.net/strategie-innovation/themendossier-172021-oekosysteme-fuer-versicherungen status=200 thread=40
20:38:01.136 [pool-1-thread-1] INFO  d.u.e.t.worker.CrawlTask - crawled url=https://www.versicherungsforen.net/schaden-leistung/die-schadenwelt-traf-sich-leipzig-und-es-wurde-gut status=200 thread=29
20:38:01.193 [pool-1-thread-2] INFO  d.u.e.t.worker.CrawlTask - crawled url=https://www.versicherungsforen.net/schaden-leistung/claims-management-2025 status=200 thread=34
20:38:01.582 [pool-1-thread-8] INFO  d.u.e.t.worker.CrawlTask - crawled url=https://www.versicherungsforen.net/strategie-innovation/new-work-und-fuehrung status=200 thread=40
20:38:01.785 [pool-1-thread-7] INFO  d.u.e.t.worker.CrawlTask - crawled url=https://www.versicherungsforen.net/strategie-innovation/open-insurance-als-chance status=200 thread=39
20:38:02.698 [pool-1-thread-5] INFO  d.u.e.t.worker.CrawlTask - crawled url=https://www.versicherungsforen.net/strategie-innovation/aktuelle-entwicklungen-der-versicherungswirtschaft-0 status=200 thread=37
20:38:02.734 [pool-1-thread-2] INFO  d.u.e.t.worker.CrawlTask - crawled url=https://www.versicherungsforen.net/strategie-innovation/inhouse-seminar-handlungsoptionen-management status=200 thread=34
20:38:03.052 [pool-1-thread-8] INFO  d.u.e.t.worker.CrawlTask - crawled url=https://www.versicherungsforen.net/betrieb-organisation/inhouse-seminar-versicherungswissen-grundlagen status=200 thread=40
20:38:03.227 [pool-1-thread-7] INFO  d.u.e.t.worker.CrawlTask - crawled url=https://www.versicherungsforen.net/betrieb-organisation/inhouse-seminar-versicherungswissen-aufbaukurs status=200 thread=39
20:38:03.257 [pool-1-thread-3] INFO  d.u.e.t.worker.CrawlTask - crawled url=https://www.versicherungsforen.net/strategie-innovation/oekosystem-inspirationen-aus-suedafrika status=200 thread=35
20:38:03.846 [pool-1-thread-4] INFO  d.u.e.t.worker.CrawlTask - crawled url=https://www.versicherungsforen.net/schaden-leistung/legaltechs-darauf-muessen-versicherer-gefasst-sein status=200 thread=36
20:38:03.954 [pool-1-thread-1] INFO  d.u.e.t.worker.CrawlTask - crawled url=https://www.versicherungsforen.net/analytik-it/automatisierte-schadenkalkulation-bilderkennung status=200 thread=29
20:38:05.708 [pool-1-thread-6] INFO  d.u.e.t.worker.CrawlTask - crawled url=https://www.versicherungsforen.net/finanzen-risiko/sustainable-finance-deep-dive-2021 status=200 thread=38
20:38:53.359 [pool-1-thread-8] INFO  d.u.e.t.worker.CrawlTask - crawled url=https://www.versicherungsforen.net/produktmanagement/zahlen-und-fakten-krankenversicherung status=200 thread=40
20:38:53.359 [pool-1-thread-2] INFO  d.u.e.t.worker.CrawlTask - crawled url=https://www.versicherungsforen.net/produktmanagement/zahlen-und-fakten-kfz-versicherung status=200 thread=34
20:38:54.122 [pool-1-thread-8] INFO  d.u.e.t.worker.CrawlTask - crawled url=https://www.versicherungsforen.net/vertrieb-kunde/bancassurance-perspektiven-und-ausblick-andere-maerkte status=200 thread=40
20:38:54.603 [pool-1-thread-6] INFO  d.u.e.t.worker.CrawlTask - crawled url=https://www.versicherungsforen.net/schaden-leistung/zahlen-fakten-versicherungsmarkt-deutschland status=200 thread=38
20:38:54.735 [pool-1-thread-7] INFO  d.u.e.t.worker.CrawlTask - crawled url=https://www.versicherungsforen.net/strategie-innovation/zahlen-und-fakten-nachhaltigkeit status=200 thread=39
20:38:54.822 [pool-1-thread-8] INFO  d.u.e.t.worker.CrawlTask - crawled url=https://www.versicherungsforen.net/schaden-leistung/sustainable-finance-und-die-grosse-transformation status=200 thread=40
20:38:54.913 [pool-1-thread-5] INFO  d.u.e.t.worker.CrawlTask - crawled url=https://www.versicherungsforen.net/produktmanagement/so-gesund-sind-die-deutschen status=200 thread=37
20:38:55.289 [pool-1-thread-6] INFO  d.u.e.t.worker.CrawlTask - crawled url=https://www.versicherungsforen.net/analytik-it/projekt-insights-inter-das-neu-crm-als-startpunkt-fuer-weitere-integrationen status=200 thread=38
20:38:55.292 [pool-1-thread-1] INFO  d.u.e.t.worker.CrawlTask - crawled url=https://www.versicherungsforen.net/strategie-innovation/tech-giants-assekuranz-freund-oder-feind status=200 thread=29
20:38:55.449 [pool-1-thread-8] INFO  d.u.e.t.worker.CrawlTask - crawled url=https://www.versicherungsforen.net/strategie-innovation/trendradar-augmented-reality-virtual-reality status=200 thread=40
20:38:55.638 [pool-1-thread-3] INFO  d.u.e.t.worker.CrawlTask - crawled url=https://www.versicherungsforen.net/strategie-innovation/new-work-assekuranz-die-digitale-lernplattform status=200 thread=35
20:38:55.819 [pool-1-thread-4] INFO  d.u.e.t.worker.CrawlTask - crawled url=https://www.versicherungsforen.net/produktmanagement/die-top-5-versicherungsprodukte status=200 thread=36
20:38:55.906 [pool-1-thread-6] INFO  d.u.e.t.worker.CrawlTask - crawled url=https://www.versicherungsforen.net/analytik-it/themendossier-212021-prozesse-organisationen status=200 thread=38
20:38:56.367 [pool-1-thread-3] INFO  d.u.e.t.worker.CrawlTask - crawled url=https://www.versicherungsforen.net/strategie-innovation/pk-2021oekosysteme-nachhaltigkeit-new-competitors status=200 thread=35
20:38:56.404 [pool-1-thread-4] INFO  d.u.e.t.worker.CrawlTask - crawled url=https://www.versicherungsforen.net/schaden-leistung/zahlen-und-fakten-naturgefahren status=200 thread=36
20:38:56.519 [pool-1-thread-6] INFO  d.u.e.t.worker.CrawlTask - crawled url=https://www.versicherungsforen.net/betrieb-organisation/der-versicherungsmarkt-usa-im-blick status=200 thread=38
20:38:56.705 [pool-1-thread-2] INFO  d.u.e.t.worker.CrawlTask - crawled url=https://www.versicherungsforen.net/analytik-it/interview-gothaer-cio-burkhard-oppenberg status=200 thread=34
20:38:56.978 [pool-1-thread-4] INFO  d.u.e.t.worker.CrawlTask - crawled url=https://www.versicherungsforen.net/schaden-leistung/silent-cyber-neue-risiken-fuer-alte-policen status=200 thread=36
20:38:57.150 [pool-1-thread-6] INFO  d.u.e.t.worker.CrawlTask - crawled url=https://www.versicherungsforen.net/analytik-it/versicherungen-zur-datengetriebenen-organisationen status=200 thread=38
20:38:57.584 [pool-1-thread-8] INFO  d.u.e.t.worker.CrawlTask - crawled url=https://www.versicherungsforen.net/produktmanagement/aktuelle-zahlen-fakten-zur-lebensversicherung status=200 thread=40
20:38:57.613 [pool-1-thread-5] INFO  d.u.e.t.worker.CrawlTask - crawled url=https://www.versicherungsforen.net/strategie-innovation/zahlen-und-fakten-digital-lifestyle status=200 thread=37
20:38:57.626 [pool-1-thread-4] INFO  d.u.e.t.worker.CrawlTask - crawled url=https://www.versicherungsforen.net/schaden-leistung/der-versicherungsmarkt-deutschland-im-blick status=200 thread=36
20:38:57.825 [pool-1-thread-6] INFO  d.u.e.t.worker.CrawlTask - crawled url=https://www.versicherungsforen.net/produktmanagement/iomt-und-connected-insurance status=200 thread=38
20:38:58.204 [pool-1-thread-2] INFO  d.u.e.t.worker.CrawlTask - crawled url=https://www.versicherungsforen.net/betrieb-organisation/inhouse-seminar-selbst-und-zeitmanagement status=200 thread=34
20:38:58.236 [pool-1-thread-8] INFO  d.u.e.t.worker.CrawlTask - crawled url=https://www.versicherungsforen.net/strategie-innovation/aktuelle-entwicklungen-der-versicherungswirtschaft-1 status=200 thread=40
20:38:58.236 [pool-1-thread-5] INFO  d.u.e.t.worker.CrawlTask - crawled url=https://www.versicherungsforen.net/betrieb-organisation/themendossier-232021-kunden-kommunikation status=200 thread=37
20:38:58.439 [pool-1-thread-4] INFO  d.u.e.t.worker.CrawlTask - crawled url=https://www.versicherungsforen.net/betrieb-organisation/personal-und-organisationsentwicklung-veraenderungsbereitschaft-etablieren status=200 thread=36
20:38:58.518 [pool-1-thread-1] INFO  d.u.e.t.worker.CrawlTask - crawled url=https://www.versicherungsforen.net/analytik-it/podcast-18-cyber-physical-systems status=200 thread=29
20:38:58.827 [pool-1-thread-2] INFO  d.u.e.t.worker.CrawlTask - crawled url=https://www.versicherungsforen.net/strategie-innovation/trendradar-additive-fertigung-assekuranz status=200 thread=34
20:38:59.019 [pool-1-thread-3] INFO  d.u.e.t.worker.CrawlTask - crawled url=https://www.versicherungsforen.net/strategie-innovation/bancassurance-der-tueroeffner-zum-financial-home status=200 thread=35
20:38:59.035 [pool-1-thread-4] INFO  d.u.e.t.worker.CrawlTask - crawled url=https://www.versicherungsforen.net/strategie-innovation/der-pressetalk-zur-nachhaltigen-altersvorsorge status=200 thread=36
20:38:59.069 [pool-1-thread-5] INFO  d.u.e.t.worker.CrawlTask - crawled url=https://www.versicherungsforen.net/schaden-leistung/cyber-versicherung-2022-es-bleibt-herausfordernd status=200 thread=37
20:38:59.147 [pool-1-thread-1] INFO  d.u.e.t.worker.CrawlTask - crawled url=https://www.versicherungsforen.net/betrieb-organisation/versicherung-2022-das-sind-die-top-themen status=200 thread=29
20:38:59.414 [pool-1-thread-2] INFO  d.u.e.t.worker.CrawlTask - crawled url=https://www.versicherungsforen.net/schaden-leistung/studie-claims-management-2025 status=200 thread=34
20:38:59.648 [pool-1-thread-3] INFO  d.u.e.t.worker.CrawlTask - crawled url=https://www.versicherungsforen.net/produktmanagement/iomt-und-connected-insurance-0 status=200 thread=35
20:38:59.687 [pool-1-thread-4] INFO  d.u.e.t.worker.CrawlTask - crawled url=https://www.versicherungsforen.net/strategie-innovation/versicherungen-im-wandel-0 status=200 thread=36
20:38:59.695 [pool-1-thread-5] INFO  d.u.e.t.worker.CrawlTask - crawled url=https://www.versicherungsforen.net/betrieb-organisation/leipziger-new-work-studie status=200 thread=37
20:38:59.974 [pool-1-thread-2] INFO  d.u.e.t.worker.CrawlTask - crawled url=https://www.versicherungsforen.net/studie-compliance-2022 status=200 thread=34
20:39:00.320 [pool-1-thread-3] INFO  d.u.e.t.worker.CrawlTask - crawled url=https://www.versicherungsforen.net/strategie-innovation/kundenmagazin-versicherungsforen-360-coversongs status=200 thread=35
20:39:00.320 [pool-1-thread-4] INFO  d.u.e.t.worker.CrawlTask - crawled url=https://www.versicherungsforen.net/produktmanagement/unsere-top-5-versicherungsprodukte status=200 thread=36
20:39:00.659 [pool-1-thread-6] INFO  d.u.e.t.worker.CrawlTask - crawled url=https://www.versicherungsforen.net/analytik-it/kernsysteme-modernisieren-ein-praxiseinblick-von-hiscox status=200 thread=38
20:39:00.926 [pool-1-thread-1] INFO  d.u.e.t.worker.CrawlTask - crawled url=https://www.versicherungsforen.net/betrieb-organisation/arbeitswelten-der-assekuranz status=200 thread=29
20:39:00.926 [pool-1-thread-3] INFO  d.u.e.t.worker.CrawlTask - crawled url=https://www.versicherungsforen.net/schaden-leistung/unternehmensziele-im-schadenmanagement status=200 thread=35
20:39:01.155 [pool-1-thread-8] INFO  d.u.e.t.worker.CrawlTask - crawled url=https://www.versicherungsforen.net/vertrieb-kunde/mit-ki-die-online-suche-optimieren status=200 thread=40
20:39:01.156 [pool-1-thread-4] INFO  d.u.e.t.worker.CrawlTask - crawled url=https://www.versicherungsforen.net/produktmanagement/die-zukunft-der-pkv-regulatorik-digitale-services status=200 thread=36
20:39:01.230 [pool-1-thread-6] INFO  d.u.e.t.worker.CrawlTask - crawled url=https://www.versicherungsforen.net/strategie-innovation/kommunikationstrends-im-fokus status=200 thread=38
20:39:01.752 [pool-1-thread-3] INFO  d.u.e.t.worker.CrawlTask - crawled url=https://www.versicherungsforen.net/produktmanagement/lebensversicherung-aktuelle-zahlen-und-fakten status=200 thread=35
20:39:01.816 [pool-1-thread-8] INFO  d.u.e.t.worker.CrawlTask - crawled url=https://www.versicherungsforen.net/produktmanagement/smart-connected-insurance status=200 thread=40
20:39:01.855 [pool-1-thread-7] INFO  d.u.e.t.worker.CrawlTask - crawled url=https://www.versicherungsforen.net/analytik-it/it-fuer-versicherungen status=200 thread=39
20:39:01.866 [pool-1-thread-4] INFO  d.u.e.t.worker.CrawlTask - crawled url=https://www.versicherungsforen.net/produktmanagement/wie-krankenversicherungen-dem-tarifwechsel-entgegensteuern-sollten status=200 thread=36
20:39:02.418 [pool-1-thread-8] INFO  d.u.e.t.worker.CrawlTask - crawled url=https://www.versicherungsforen.net/strategie-innovation/healthtechs-1-eine-neue-aera-fuer-das-gesundheitswesen status=200 thread=40
20:39:02.421 [pool-1-thread-7] INFO  d.u.e.t.worker.CrawlTask - crawled url=https://www.versicherungsforen.net/betrieb-organisation/einblick-die-soziale-nachhaltigkeit-von-versicherern status=200 thread=39
20:39:02.610 [pool-1-thread-2] INFO  d.u.e.t.worker.CrawlTask - crawled url=https://www.versicherungsforen.net/schaden-leistung/zahlen-fakten-versicherungsmarkt-deutschland-0 status=200 thread=34
20:39:02.787 [pool-1-thread-5] INFO  d.u.e.t.worker.CrawlTask - crawled url=https://www.versicherungsforen.net/strategie-innovation/themendossier-12022-nachhaltigkeit status=200 thread=37
20:39:03.234 [pool-1-thread-7] INFO  d.u.e.t.worker.CrawlTask - crawled url=https://www.versicherungsforen.net/vertrieb-kunde/social-media-versicherungen-2022 status=200 thread=39
20:39:03.274 [pool-1-thread-1] INFO  d.u.e.t.worker.CrawlTask - crawled url=https://www.versicherungsforen.net/vertrieb-kunde/online-marketing-versicherungen status=200 thread=29
20:39:03.384 [pool-1-thread-6] INFO  d.u.e.t.worker.CrawlTask - crawled url=https://www.versicherungsforen.net/analytik-it/hyperautomatisierung-bei-der-gothaer-versicherungen status=200 thread=38
20:39:03.419 [pool-1-thread-5] INFO  d.u.e.t.worker.CrawlTask - crawled url=https://www.versicherungsforen.net/studie-cyphy-2022 status=200 thread=37
20:39:03.846 [pool-1-thread-8] INFO  d.u.e.t.worker.CrawlTask - crawled url=https://www.versicherungsforen.net/finanzen-risiko/themendossier-42022-zahlen-fakten-emerging-risks status=200 thread=40
20:39:03.875 [pool-1-thread-7] INFO  d.u.e.t.worker.CrawlTask - crawled url=https://www.versicherungsforen.net/schaden-leistung/das-schadenmanagement-als-kostenfalle status=200 thread=39
20:39:03.957 [pool-1-thread-6] INFO  d.u.e.t.worker.CrawlTask - crawled url=https://www.versicherungsforen.net/finanzen-risiko/emerging-risks-1-neue-risiken-erkennen status=200 thread=38
20:39:04.017 [pool-1-thread-5] INFO  d.u.e.t.worker.CrawlTask - crawled url=https://www.versicherungsforen.net/vertrieb-kunde/nachhaltigkeit-im-versicherungsvertrieb status=200 thread=37
20:39:04.540 [pool-1-thread-7] INFO  d.u.e.t.worker.CrawlTask - crawled url=https://www.versicherungsforen.net/betrieb-organisation/orientierungsworkshop-neue-arbeitswelten status=200 thread=39
20:39:04.571 [pool-1-thread-6] INFO  d.u.e.t.worker.CrawlTask - crawled url=https://www.versicherungsforen.net/betrieb-organisation/readiness-check-arbeitsmodell status=200 thread=38
20:39:04.678 [pool-1-thread-5] INFO  d.u.e.t.worker.CrawlTask - crawled url=https://www.versicherungsforen.net/finanzen-risiko/emerging-risks-2 status=200 thread=37
20:39:04.687 [pool-1-thread-3] INFO  d.u.e.t.worker.CrawlTask - crawled url=https://www.versicherungsforen.net/vertrieb-kunde/nettotarife-booster-fuer-die-altersvorsorge status=200 thread=35
20:39:05.048 [pool-1-thread-4] INFO  d.u.e.t.worker.CrawlTask - crawled url=https://www.versicherungsforen.net/schaden-leistung/trendradar-cybercrime status=200 thread=36
20:39:05.182 [pool-1-thread-7] INFO  d.u.e.t.worker.CrawlTask - crawled url=https://www.versicherungsforen.net/betrieb-organisation/new-work-bei-den-versicherungsforen status=200 thread=39
20:39:05.200 [pool-1-thread-6] INFO  d.u.e.t.worker.CrawlTask - crawled url=https://www.versicherungsforen.net/schaden-leistung/customer-self-services-im-schadenmanagement status=200 thread=38
20:39:05.452 [pool-1-thread-1] INFO  d.u.e.t.worker.CrawlTask - crawled url=https://www.versicherungsforen.net/schaden-leistung/themendossier-32022-schadenmanagement-der-zukunft status=200 thread=29
20:39:05.578 [pool-1-thread-5] INFO  d.u.e.t.worker.CrawlTask - crawled url=https://www.versicherungsforen.net/schaden-leistung/flugdrohnen-im-schadenmanagement status=200 thread=37
20:39:05.673 [pool-1-thread-2] INFO  d.u.e.t.worker.CrawlTask - crawled url=https://www.versicherungsforen.net/analytik-it/datengetriebene-versicherungen status=200 thread=34
20:39:05.961 [pool-1-thread-4] INFO  d.u.e.t.worker.CrawlTask - crawled url=https://www.versicherungsforen.net/toolbox-modernes-arbeiten status=200 thread=36
20:39:06.104 [pool-1-thread-1] INFO  d.u.e.t.worker.CrawlTask - crawled url=https://www.versicherungsforen.net/strategie-innovation/aktuelle-entwicklungen-der-versicherungswirtschaft-2 status=200 thread=29
20:39:06.497 [pool-1-thread-8] INFO  d.u.e.t.worker.CrawlTask - crawled url=https://www.versicherungsforen.net/betrieb-organisation/workshop-visions-und-strategieentwicklung-fuer-neue-arbeitswelten status=200 thread=40
20:39:06.557 [pool-1-thread-4] INFO  d.u.e.t.worker.CrawlTask - crawled url=https://www.versicherungsforen.net/schaden-leistung/schaeden-durch-autodiebstahl-deutschland status=200 thread=36
20:39:06.708 [pool-1-thread-1] INFO  d.u.e.t.worker.CrawlTask - crawled url=https://www.versicherungsforen.net/schaden-leistung/wasserschaeden-ursache-gebaeudeschaeden status=200 thread=29
20:39:07.123 [pool-1-thread-4] INFO  d.u.e.t.worker.CrawlTask - crawled url=https://www.versicherungsforen.net/recht-compliance/compliance-funktion-versicherungsunternehmen status=200 thread=36
20:39:07.345 [pool-1-thread-1] INFO  d.u.e.t.worker.CrawlTask - crawled url=https://www.versicherungsforen.net/schaden-leistung/versicherungsschaeden-steigen-mit-jahrzehnten status=200 thread=29
20:39:07.347 [pool-1-thread-5] INFO  d.u.e.t.worker.CrawlTask - crawled url=https://www.versicherungsforen.net/analytik-it/podcast-22-smart-connected-insurance status=200 thread=37
20:39:07.741 [pool-1-thread-3] INFO  d.u.e.t.worker.CrawlTask - crawled url=https://www.versicherungsforen.net/schaden-leistung/leitungswasser-wohngebaeudeschaeden-jahr-2020 status=200 thread=35
20:39:08.113 [pool-1-thread-5] INFO  d.u.e.t.worker.CrawlTask - crawled url=https://www.versicherungsforen.net/betrieb-organisation/betriebliche-altersvorsorge-spagat-zwischen-servicequalitaet-und-effizienz status=200 thread=37
20:39:08.201 [pool-1-thread-6] INFO  d.u.e.t.worker.CrawlTask - crawled url=https://www.versicherungsforen.net/strategie-innovation/embedded-insurance-gewinnung-neukunden status=200 thread=38
20:39:08.334 [pool-1-thread-3] INFO  d.u.e.t.worker.CrawlTask - crawled url=https://www.versicherungsforen.net/finanzen-risiko/emerging-risks-5 status=200 thread=35
20:39:08.337 [pool-1-thread-7] INFO  d.u.e.t.worker.CrawlTask - crawled url=https://www.versicherungsforen.net/finanzen-risiko/emerging-risks-3 status=200 thread=39
20:39:08.478 [pool-1-thread-2] INFO  d.u.e.t.worker.CrawlTask - crawled url=https://www.versicherungsforen.net/schaden-leistung/stellhebel-ablauf-schadenprozess status=200 thread=34
20:39:08.910 [pool-1-thread-3] INFO  d.u.e.t.worker.CrawlTask - crawled url=https://www.versicherungsforen.net/schaden-leistung/hoehe-der-schaeden-durch-naturkatastrophen-steigt status=200 thread=35
20:39:09.017 [pool-1-thread-7] INFO  d.u.e.t.worker.CrawlTask - crawled url=https://www.versicherungsforen.net/schaden-leistung/entwicklungsbereiche-im-schadenmanagement status=200 thread=39
20:39:09.445 [pool-1-thread-8] INFO  d.u.e.t.worker.CrawlTask - crawled url=https://www.versicherungsforen.net/finanzen-risiko/emerging-risks-4 status=200 thread=40
20:39:09.724 [pool-1-thread-7] INFO  d.u.e.t.worker.CrawlTask - crawled url=https://www.versicherungsforen.net/vertrieb-kunde/customer-experience-management-bei-der-gothaer-versicherung status=200 thread=39
20:39:09.827 [pool-1-thread-6] INFO  d.u.e.t.worker.CrawlTask - crawled url=https://www.versicherungsforen.net/analytik-it/dynamische-bevoelkerungsprofile-analytik status=200 thread=38
20:39:09.837 [pool-1-thread-4] INFO  d.u.e.t.worker.CrawlTask - crawled url=https://www.versicherungsforen.net/schaden-leistung/betrugserkennung-durch-sprachanalyse status=200 thread=36
20:39:10.266 [pool-1-thread-1] INFO  d.u.e.t.worker.CrawlTask - crawled url=https://www.versicherungsforen.net/schaden-leistung/auswirkung-autonome-fahrzeuge-auf-versicherung status=200 thread=29
20:39:10.678 [pool-1-thread-4] INFO  d.u.e.t.worker.CrawlTask - crawled url=https://www.versicherungsforen.net/strategie-innovation/nachhaltigkeit-der-versicherungswirtschaft-1 status=200 thread=36
20:39:10.803 [pool-1-thread-1] INFO  d.u.e.t.worker.CrawlTask - crawled url=https://www.versicherungsforen.net/schaden-leistung/psychologische-effekte-versicherungen status=200 thread=29
20:39:11.337 [pool-1-thread-4] INFO  d.u.e.t.worker.CrawlTask - crawled url=https://www.versicherungsforen.net/schaden-leistung/magisches-dreieck-schadenmanagement status=200 thread=36
20:39:11.369 [pool-1-thread-1] INFO  d.u.e.t.worker.CrawlTask - crawled url=https://www.versicherungsforen.net/strategie-innovation/nachhaltigkeit-versicherung-interview-csi status=200 thread=29
20:39:11.400 [pool-1-thread-5] INFO  d.u.e.t.worker.CrawlTask - crawled url=https://www.versicherungsforen.net/schaden-leistung/telematik-revolution-der-kfz-versicherung status=200 thread=37
20:39:11.429 [pool-1-thread-2] INFO  d.u.e.t.worker.CrawlTask - crawled url=https://www.versicherungsforen.net/finanzen-risiko/nachhaltigkeit-der-kapitalanlage-esg-allianz status=200 thread=34
20:39:11.646 [pool-1-thread-3] INFO  d.u.e.t.worker.CrawlTask - crawled url=https://www.versicherungsforen.net/vertrieb-kunde/versicherungsvertrieb-zeiten-der-pandemie status=200 thread=35
20:39:11.897 [pool-1-thread-8] INFO  d.u.e.t.worker.CrawlTask - crawled url=https://www.versicherungsforen.net/vertrieb-kunde/themendossier-72022-kundenmanagement-der-zukunft status=200 thread=40
20:39:11.928 [pool-1-thread-4] INFO  d.u.e.t.worker.CrawlTask - crawled url=https://www.versicherungsforen.net/schaden-leistung/psychologie-versicherungsabschluss status=200 thread=36
20:39:12.003 [pool-1-thread-2] INFO  d.u.e.t.worker.CrawlTask - crawled url=https://www.versicherungsforen.net/schaden-leistung/arbeitswelt-40-erwartungen-schadenmanagement status=200 thread=34
20:39:12.228 [pool-1-thread-7] INFO  d.u.e.t.worker.CrawlTask - crawled url=https://www.versicherungsforen.net/strategie-innovation/themendossier-82022-zahlen-fakten-start-ups status=200 thread=39
20:39:12.287 [pool-1-thread-3] INFO  d.u.e.t.worker.CrawlTask - crawled url=https://www.versicherungsforen.net/schaden-leistung/vertriebswege-schaden-und-unfallversicherung status=200 thread=35
20:39:12.520 [pool-1-thread-4] INFO  d.u.e.t.worker.CrawlTask - crawled url=https://www.versicherungsforen.net/strategie-innovation/themendossier-102022-zahlen-fakten-aktuelle-trends status=200 thread=36
20:39:12.625 [pool-1-thread-2] INFO  d.u.e.t.worker.CrawlTask - crawled url=https://www.versicherungsforen.net/produktmanagement/unsere-top-5-versicherungsprodukte-der-letzten-monate status=200 thread=34
20:39:12.775 [pool-1-thread-6] INFO  d.u.e.t.worker.CrawlTask - crawled url=https://www.versicherungsforen.net/produktmanagement/mehr-transparenz-durch-zertifizierte-produkte-und-services status=200 thread=38
20:39:13.163 [pool-1-thread-2] INFO  d.u.e.t.worker.CrawlTask - crawled url=https://www.versicherungsforen.net/schaden-leistung/naturgefahren-und-naturkatastrophen status=200 thread=34
20:39:13.853 [pool-1-thread-5] INFO  d.u.e.t.worker.CrawlTask - crawled url=https://www.versicherungsforen.net/finanzen-risiko/themendossier-92022-risikomanagement-und-kapitalanlage status=200 thread=37
20:39:13.854 [pool-1-thread-2] INFO  d.u.e.t.worker.CrawlTask - crawled url=https://www.versicherungsforen.net/schaden-leistung/telematik-die-zukunft-gehoert-den-connected-cars status=200 thread=34
20:39:14.071 [pool-1-thread-8] INFO  d.u.e.t.worker.CrawlTask - crawled url=https://www.versicherungsforen.net/analytik-it/cloud-reifegrad-versicherungen status=200 thread=40
20:39:14.207 [pool-1-thread-1] INFO  d.u.e.t.worker.CrawlTask - crawled url=https://www.versicherungsforen.net/vertrieb-kunde/resilienz-die-superkraft-sich-selbst-zu-ertragen status=200 thread=29
20:39:14.484 [pool-1-thread-5] INFO  d.u.e.t.worker.CrawlTask - crawled url=https://www.versicherungsforen.net/strategie-innovation/podcast-24-insurtechs-2022 status=200 thread=37
20:39:14.669 [pool-1-thread-8] INFO  d.u.e.t.worker.CrawlTask - crawled url=https://www.versicherungsforen.net/produktmanagement/embedded-insurance-als-weckruf-fuer-die-versicherungsbranche status=200 thread=40
20:39:14.764 [pool-1-thread-2] INFO  d.u.e.t.worker.CrawlTask - crawled url=https://www.versicherungsforen.net/vertrieb-kunde/kundenmanagement-versicherungen status=200 thread=34
20:39:14.826 [pool-1-thread-1] INFO  d.u.e.t.worker.CrawlTask - crawled url=https://www.versicherungsforen.net/vertrieb-kunde/cx-management-und-digitale-kommunikation status=200 thread=29
20:39:14.860 [pool-1-thread-3] INFO  d.u.e.t.worker.CrawlTask - crawled url=https://www.versicherungsforen.net/vertrieb-kunde/auswirkungen-von-corona-auf-schaden-und-betrugsmanagement status=200 thread=35
20:39:15.116 [pool-1-thread-5] INFO  d.u.e.t.worker.CrawlTask - crawled url=https://www.versicherungsforen.net/betrieb-organisation/das-pinguin-prinzip status=200 thread=37
20:39:15.345 [pool-1-thread-2] INFO  d.u.e.t.worker.CrawlTask - crawled url=https://www.versicherungsforen.net/strategie-innovation/aktuelle-entwicklungen-der-versicherungswirtschaft-3 status=200 thread=34
20:39:15.489 [pool-1-thread-3] INFO  d.u.e.t.worker.CrawlTask - crawled url=https://www.versicherungsforen.net/betrieb-organisation/changemanagement-den-sinn-im-unsinn-suchen status=200 thread=35
20:39:15.744 [pool-1-thread-6] INFO  d.u.e.t.worker.CrawlTask - crawled url=https://www.versicherungsforen.net/vertrieb-kunde/versicherungsvertrieb-zeiten-der-pandemie-0 status=200 thread=38
20:39:15.978 [pool-1-thread-2] INFO  d.u.e.t.worker.CrawlTask - crawled url=https://www.versicherungsforen.net/betrieb-organisation/sommerakademie-julia-ist-dabei status=200 thread=34
20:39:16.094 [pool-1-thread-3] INFO  d.u.e.t.worker.CrawlTask - crawled url=https://www.versicherungsforen.net/betrieb-organisation/themendossier-132022-neue-arbeitswelten status=200 thread=35
20:39:16.288 [pool-1-thread-6] INFO  d.u.e.t.worker.CrawlTask - crawled url=https://www.versicherungsforen.net/schaden-leistung/ein-jahr-flut-maklerin-kim-hahn-aus-bad-muenstereifel status=200 thread=38
20:39:16.600 [pool-1-thread-2] INFO  d.u.e.t.worker.CrawlTask - crawled url=https://www.versicherungsforen.net/betrieb-organisation/die-assekuranz-ist-innovativer-und-spannender-als-gedacht status=200 thread=34
20:39:16.678 [pool-1-thread-3] INFO  d.u.e.t.worker.CrawlTask - crawled url=https://www.versicherungsforen.net/vertrieb-kunde/tracking-und-personalisierung-im-marketing status=200 thread=35
20:39:16.706 [pool-1-thread-4] INFO  d.u.e.t.worker.CrawlTask - crawled url=https://www.versicherungsforen.net/betrieb-organisation/unsere-desksharing-erfolgsfaktoren status=200 thread=36
20:39:16.918 [pool-1-thread-6] INFO  d.u.e.t.worker.CrawlTask - crawled url=https://www.versicherungsforen.net/vertrieb-kunde/nachhaltigkeit-im-versicherungsvertrieb-0 status=200 thread=38
20:39:17.031 [pool-1-thread-1] INFO  d.u.e.t.worker.CrawlTask - crawled url=https://www.versicherungsforen.net/node/3696 status=200 thread=29
20:39:17.256 [pool-1-thread-8] INFO  d.u.e.t.worker.CrawlTask - crawled url=https://www.versicherungsforen.net/strategie-innovation/einhaltung-des-15-grad-ziels-nachhaltigkeit-bei-der-zurich status=200 thread=40
20:39:17.297 [pool-1-thread-3] INFO  d.u.e.t.worker.CrawlTask - crawled url=https://www.versicherungsforen.net/strategie-innovation/digitale-oekosysteme-bei-der-basler status=200 thread=35
20:39:17.315 [pool-1-thread-4] INFO  d.u.e.t.worker.CrawlTask - crawled url=https://www.versicherungsforen.net/strategie-innovation/podcast-26-tech-giants-mit-meta status=200 thread=36
20:39:17.477 [pool-1-thread-6] INFO  d.u.e.t.worker.CrawlTask - crawled url=https://www.versicherungsforen.net/strategie-innovation/geschaeftsmodell-lebensversicherung status=200 thread=38
20:39:17.605 [pool-1-thread-1] INFO  d.u.e.t.worker.CrawlTask - crawled url=https://www.versicherungsforen.net/schaden-leistung/uebersicht-ablauf-schadenprozess status=200 thread=29
20:39:17.932 [pool-1-thread-4] INFO  d.u.e.t.worker.CrawlTask - crawled url=https://www.versicherungsforen.net/betrieb-organisation/teamcoaching-fuer-selbstorganisierte-teams status=200 thread=36
20:39:18.091 [pool-1-thread-6] INFO  d.u.e.t.worker.CrawlTask - crawled url=https://www.versicherungsforen.net/betrieb-organisation/coaching-agile-projektbegleitung status=200 thread=38
20:39:18.232 [pool-1-thread-1] INFO  d.u.e.t.worker.CrawlTask - crawled url=https://www.versicherungsforen.net/produktmanagement/unsere-top-5-versicherungsprodukte-der-letzten-drei-monate status=200 thread=29
20:39:18.546 [pool-1-thread-4] INFO  d.u.e.t.worker.CrawlTask - crawled url=https://www.versicherungsforen.net/vertrieb-kunde/arbeitskraftabsicherung-neue-wege-im-maklervertrieb status=200 thread=36
20:39:18.658 [pool-1-thread-6] INFO  d.u.e.t.worker.CrawlTask - crawled url=https://www.versicherungsforen.net/strategie-innovation/trendradar-social-business status=200 thread=38
20:39:18.923 [pool-1-thread-5] INFO  d.u.e.t.worker.CrawlTask - crawled url=https://www.versicherungsforen.net/strategie-innovation/healthtechs-2-rehabilitation-und-nachsorge status=200 thread=37
20:39:19.140 [pool-1-thread-4] INFO  d.u.e.t.worker.CrawlTask - crawled url=https://www.versicherungsforen.net/schaden-leistung/personenschadenmanagement-aktuelle-entwicklungen-im-zuge-der-pandemie status=200 thread=36
20:39:19.540 [pool-1-thread-3] INFO  d.u.e.t.worker.CrawlTask - crawled url=https://www.versicherungsforen.net/analytik-it/themendossier-142022-zahlen-fakten-daten status=200 thread=35
20:39:19.590 [pool-1-thread-5] INFO  d.u.e.t.worker.CrawlTask - crawled url=https://www.versicherungsforen.net/produktmanagement/zahlen-fakten-zur-krankenversicherung-1 status=200 thread=37
20:39:19.725 [pool-1-thread-2] INFO  d.u.e.t.worker.CrawlTask - crawled url=https://www.versicherungsforen.net/strategie-innovation/nachhaltigkeit-im-vertrieb-am-point-no-return status=200 thread=34
20:39:19.802 [pool-1-thread-8] INFO  d.u.e.t.worker.CrawlTask - crawled url=https://www.versicherungsforen.net/schaden-leistung/schadenprozess-schadenmeldung status=200 thread=40
20:39:20.447 [pool-1-thread-8] INFO  d.u.e.t.worker.CrawlTask - crawled url=https://www.versicherungsforen.net/finanzen-risiko/interview-solveny-ii-review-mit-uwe-ludka status=200 thread=40
20:39:21.004 [pool-1-thread-5] INFO  d.u.e.t.worker.CrawlTask - crawled url=https://www.versicherungsforen.net/betrieb-organisation/inhouse-seminar-agile-organisation status=200 thread=37
20:39:21.038 [pool-1-thread-6] INFO  d.u.e.t.worker.CrawlTask - crawled url=https://www.versicherungsforen.net/node/3763 status=200 thread=38
20:39:21.416 [pool-1-thread-1] INFO  d.u.e.t.worker.CrawlTask - crawled url=https://www.versicherungsforen.net/betrieb-organisation/new-work-versicherer-muessen-den-wandel-wagen status=200 thread=29
20:39:22.079 [pool-1-thread-4] INFO  d.u.e.t.worker.CrawlTask - crawled url=https://www.versicherungsforen.net/strategie-innovation/metaversum-neu-use-cases-neue-maerkte-neue-risiken status=200 thread=36
20:39:22.109 [pool-1-thread-1] INFO  d.u.e.t.worker.CrawlTask - crawled url=https://www.versicherungsforen.net/analytik-it/themendossier-172022-versicherungs-it-im-fokus status=200 thread=29
20:39:22.244 [pool-1-thread-7] WARN  d.u.e.t.worker.pool.CrawlExecutor - crawl failed url=https://www.versicherungsforen.net/strategie-innovation/nachhaltigkeit-versicherungen-rueckblick-sic-2022 error=Failed to fetch https://www.versicherungsforen.net/strategie-innovation/nachhaltigkeit-versicherungen-rueckblick-sic-2022: request timed out
20:39:22.245 [pool-1-thread-7] INFO  d.u.e.t.worker.CrawlTask - crawled url=https://www.versicherungsforen.net/strategie-innovation/nachhaltigkeit-versicherungen-rueckblick-sic-2022 status=0 thread=39
20:39:22.657 [pool-1-thread-2] INFO  d.u.e.t.worker.CrawlTask - crawled url=https://www.versicherungsforen.net/recht-compliance/zehn-jahre-user-group-governance-und-compliance-oesterreichischen status=200 thread=34
20:39:22.691 [pool-1-thread-3] INFO  d.u.e.t.worker.CrawlTask - crawled url=https://www.versicherungsforen.net/betrieb-organisation/diversitaet-der-arbeitswelt status=200 thread=35
20:39:22.741 [pool-1-thread-4] INFO  d.u.e.t.worker.CrawlTask - crawled url=https://www.versicherungsforen.net/schaden-leistung/versicherungsbetrug-im-interview-mit-timo-heitmann status=200 thread=36
20:39:22.775 [pool-1-thread-1] INFO  d.u.e.t.worker.CrawlTask - crawled url=https://www.versicherungsforen.net/schaden-leistung/das-schadenmanagement-der-zukunft-ist-vor-allem-krisenfest status=200 thread=29
20:39:23.245 [pool-1-thread-3] INFO  d.u.e.t.worker.CrawlTask - crawled url=https://www.versicherungsforen.net/strategie-innovation/das-waren-die-themen-des-partnerkongresses-2022 status=200 thread=35
20:39:23.299 [pool-1-thread-6] INFO  d.u.e.t.worker.CrawlTask - crawled url=https://www.versicherungsforen.net/betrieb-organisation/nachhaltigkeit-braucht-transparenz status=200 thread=38
20:39:23.321 [pool-1-thread-1] INFO  d.u.e.t.worker.CrawlTask - crawled url=https://www.versicherungsforen.net/strategie-innovation/mentale-gesundheit-am-arbeitsplatz status=200 thread=29
20:39:23.711 [pool-1-thread-8] INFO  d.u.e.t.worker.CrawlTask - crawled url=https://www.versicherungsforen.net/schaden-leistung/heureka-was-im-innovationstransfer-wichtig-ist status=200 thread=40
20:39:23.740 [pool-1-thread-5] INFO  d.u.e.t.worker.CrawlTask - crawled url=https://www.versicherungsforen.net/schaden-leistung/lksg-worauf-sie-bei-ihren-lieferanten-achten-muessen status=200 thread=37
20:39:23.850 [pool-1-thread-6] INFO  d.u.e.t.worker.CrawlTask - crawled url=https://www.versicherungsforen.net/produktmanagement/unsere-top-5-versicherungsprodukte-der-letzten-drei-monate-0 status=200 thread=38
20:39:23.891 [pool-1-thread-3] INFO  d.u.e.t.worker.CrawlTask - crawled url=https://www.versicherungsforen.net/strategie-innovation/aktuelle-entwicklungen-der-versicherungswirtschaft-4 status=200 thread=35
20:39:23.958 [pool-1-thread-1] INFO  d.u.e.t.worker.CrawlTask - crawled url=https://www.versicherungsforen.net/strategie-innovation/themendossier-192022-aktuelle-studien status=200 thread=29
20:39:24.352 [pool-1-thread-8] INFO  d.u.e.t.worker.CrawlTask - crawled url=https://www.versicherungsforen.net/analytik-it/der-ai-factory-ansatz-der-ergo status=200 thread=40
20:39:24.557 [pool-1-thread-1] INFO  d.u.e.t.worker.CrawlTask - crawled url=https://www.versicherungsforen.net/analytik-it/quantencomputer-was-bedeuten-sie-fuer-die-assekuranz status=200 thread=29
20:39:25.201 [pool-1-thread-4] INFO  d.u.e.t.worker.CrawlTask - crawled url=https://www.versicherungsforen.net/analytik-it/trendradar-megatrend-brain-machine-interface status=200 thread=36
20:39:25.351 [pool-1-thread-2] INFO  d.u.e.t.worker.CrawlTask - crawled url=https://www.versicherungsforen.net/analytik-it/it-fuer-versicherungen-der-wertorientierte-ansatz-der-hannover-rueck status=200 thread=34
20:39:25.501 [pool-1-thread-7] INFO  d.u.e.t.worker.CrawlTask - crawled url=https://www.versicherungsforen.net/analytik-it/kis-sind-das-produkt-ihrer-umgebung status=200 thread=39
20:39:25.857 [pool-1-thread-4] INFO  d.u.e.t.worker.CrawlTask - crawled url=https://www.versicherungsforen.net/strategie-innovation/nachhaltigkeit-bei-der-lvm status=200 thread=36
20:39:25.953 [pool-1-thread-2] INFO  d.u.e.t.worker.CrawlTask - crawled url=https://www.versicherungsforen.net/analytik-it/100-sekunden-trend-predictive-analytics status=200 thread=34
20:39:26.782 [pool-1-thread-3] INFO  d.u.e.t.worker.CrawlTask - crawled url=https://www.versicherungsforen.net/strategie-innovation/100-sekunden-trend-social-business status=200 thread=35
20:39:27.205 [pool-1-thread-1] INFO  d.u.e.t.worker.CrawlTask - crawled url=https://www.versicherungsforen.net/betrieb-organisation/themendossier-212022-prozesse-und-organisationsgestaltung status=200 thread=29
20:39:27.205 [pool-1-thread-8] INFO  d.u.e.t.worker.CrawlTask - crawled url=https://www.versicherungsforen.net/analytik-it/100-sekunden-trend-big-data status=200 thread=40
20:39:27.237 [pool-1-thread-5] INFO  d.u.e.t.worker.CrawlTask - crawled url=https://www.versicherungsforen.net/schaden-leistung/naturgefahren-sind-wir-der-laune-der-natur-ausgeliefert status=200 thread=37
20:39:27.401 [pool-1-thread-3] INFO  d.u.e.t.worker.CrawlTask - crawled url=https://www.versicherungsforen.net/schaden-leistung/zahlen-fakten-versicherungsmarkt-deutschland-1 status=200 thread=35
20:39:27.787 [pool-1-thread-1] INFO  d.u.e.t.worker.CrawlTask - crawled url=https://www.versicherungsforen.net/produktmanagement/aktuelle-zahlen-fakten-zur-lebensversicherung-0 status=200 thread=29
20:39:27.861 [pool-1-thread-5] INFO  d.u.e.t.worker.CrawlTask - crawled url=https://www.versicherungsforen.net/schaden-leistung/aktuelle-herausforderungen-im-schadenmanagement status=200 thread=37
20:39:28.036 [pool-1-thread-3] INFO  d.u.e.t.worker.CrawlTask - crawled url=https://www.versicherungsforen.net/schaden-leistung/100-sekunden-trend-cybercrime status=200 thread=35
20:39:28.256 [pool-1-thread-7] INFO  d.u.e.t.worker.CrawlTask - crawled url=https://www.versicherungsforen.net/strategie-innovation/nachhaltigkeit-der-versicherungswirtschaft-2 status=200 thread=39
20:39:28.588 [pool-1-thread-4] INFO  d.u.e.t.worker.CrawlTask - crawled url=https://www.versicherungsforen.net/strategie-innovation/100-sekunden-trend-war-talents status=200 thread=36
20:39:28.670 [pool-1-thread-2] INFO  d.u.e.t.worker.CrawlTask - crawled url=https://www.versicherungsforen.net/strategie-innovation/nachhaltigkeit-der-versicherungswirtschaft-3 status=200 thread=34
20:39:29.322 [pool-1-thread-2] INFO  d.u.e.t.worker.CrawlTask - crawled url=https://www.versicherungsforen.net/node/3960 status=200 thread=34
20:39:29.788 [pool-1-thread-1] INFO  d.u.e.t.worker.CrawlTask - crawled url=https://www.versicherungsforen.net/schaden-leistung/inflation-assekuranz-ursachen-und-folgen status=200 thread=29
20:39:29.927 [pool-1-thread-2] INFO  d.u.e.t.worker.CrawlTask - crawled url=https://www.versicherungsforen.net/analytik-it/das-tut-sich-der-versicherungs-it status=200 thread=34
20:39:30.105 [pool-1-thread-8] INFO  d.u.e.t.worker.CrawlTask - crawled url=https://www.versicherungsforen.net/strategie-innovation/100-sekunden-trend-brain-machine-interface status=200 thread=40
20:39:30.137 [pool-1-thread-4] INFO  d.u.e.t.worker.CrawlTask - crawled url=https://www.versicherungsforen.net/vertrieb-kunde/frohe-weihnachten-und-kommen-sie-gut-das-neue-jahr status=200 thread=36
20:39:30.177 [pool-1-thread-3] INFO  d.u.e.t.worker.CrawlTask - crawled url=https://www.versicherungsforen.net/betrieb-organisation/themendossier-232022-kundenkommunikation status=200 thread=35
20:39:30.569 [pool-1-thread-1] INFO  d.u.e.t.worker.CrawlTask - crawled url=https://www.versicherungsforen.net/strategie-innovation/nachhaltigkeit-der-versicherungswirtschaft-4 status=200 thread=29
20:39:30.572 [pool-1-thread-5] INFO  d.u.e.t.worker.CrawlTask - crawled url=https://www.versicherungsforen.net/produktmanagement/im-bav-benchmark-dem-erfolg-auf-der-spur status=200 thread=37
20:39:30.890 [pool-1-thread-3] INFO  d.u.e.t.worker.CrawlTask - crawled url=https://www.versicherungsforen.net/strategie-innovation/themendossier-12023-sustainable-insurance status=200 thread=35
20:39:30.999 [pool-1-thread-6] INFO  d.u.e.t.worker.CrawlTask - crawled url=https://www.versicherungsforen.net/betrieb-organisation/new-work-traditionellen-unternehmen-0 status=200 thread=38
20:39:31.152 [pool-1-thread-7] INFO  d.u.e.t.worker.CrawlTask - crawled url=https://www.versicherungsforen.net/strategie-innovation/100-sekunden-trend-business-ecosystems status=200 thread=39
20:39:31.626 [pool-1-thread-6] INFO  d.u.e.t.worker.CrawlTask - crawled url=https://www.versicherungsforen.net/strategie-innovation/podcast-32-versicherung-2023-das-sind-die-top-themen status=200 thread=38
20:39:31.731 [pool-1-thread-7] INFO  d.u.e.t.worker.CrawlTask - crawled url=https://www.versicherungsforen.net/schaden-leistung/schadenmanagement-im-digitalen-zeitalter status=200 thread=39
20:39:32.253 [pool-1-thread-6] INFO  d.u.e.t.worker.CrawlTask - crawled url=https://www.versicherungsforen.net/node/3995 status=200 thread=38
20:39:32.369 [pool-1-thread-7] INFO  d.u.e.t.worker.CrawlTask - crawled url=https://www.versicherungsforen.net/analytik-it/zahlen-und-fakten-daten status=200 thread=39
20:39:32.523 [pool-1-thread-3] INFO  d.u.e.t.worker.CrawlTask - crawled url=https://www.versicherungsforen.net/strategie-innovation/web-based-training-neue-arbeitswelten status=200 thread=35
20:39:32.946 [pool-1-thread-2] INFO  d.u.e.t.worker.CrawlTask - crawled url=https://www.versicherungsforen.net/strategie-innovation/inflation-assekuranz-produktentwicklung status=200 thread=34
20:39:32.991 [pool-1-thread-7] INFO  d.u.e.t.worker.CrawlTask - crawled url=https://www.versicherungsforen.net/finanzen-risiko/zahlen-und-fakten-emerging-risks status=200 thread=39
20:39:33.076 [pool-1-thread-8] INFO  d.u.e.t.worker.CrawlTask - crawled url=https://www.versicherungsforen.net/vertrieb-kunde/trendradar-embedded-insurance status=200 thread=40
20:39:33.124 [pool-1-thread-3] INFO  d.u.e.t.worker.CrawlTask - crawled url=https://www.versicherungsforen.net/analytik-it/ein-monolith-der-cloud-wie-wird-die-migration-zum-erfolg status=200 thread=35
20:39:33.440 [pool-1-thread-4] INFO  d.u.e.t.worker.CrawlTask - crawled url=https://www.versicherungsforen.net/analytik-it/aktuelle-herausforderungen-der-versicherungs-it status=200 thread=36
20:39:33.541 [pool-1-thread-5] INFO  d.u.e.t.worker.CrawlTask - crawled url=https://www.versicherungsforen.net/strategie-innovation/warum-ist-diversity-management-fuer-versicherer-wichtig status=200 thread=37
20:39:33.644 [pool-1-thread-6] INFO  d.u.e.t.worker.CrawlTask - crawled url=https://www.versicherungsforen.net/betrieb-organisation/zahlen-und-fakten-start-ups status=200 thread=38
20:39:34.043 [pool-1-thread-1] INFO  d.u.e.t.worker.CrawlTask - crawled url=https://www.versicherungsforen.net/schaden-leistung/cyberversicherung-erleben-wir-die-ruhe-vor-dem-sturm status=200 thread=29
